This is pdfTeX, Version 3.141592653-2.6-1.40.26 (TeX Live 2025/dev/Debian) (preloaded format=pdflatex 2026.4.25)  30 APR 2026 09:20
entering extended mode
 restricted \write18 enabled.
 %&-line parsing enabled.
**relatorio.tex
(./relatorio.tex
LaTeX2e <2024-11-01> patch level 2
L3 programming layer <2025-01-18>
(/usr/share/texlive/texmf-dist/tex/latex/base/article.cls
Document Class: article 2024/06/29 v1.4n Standard LaTeX document class
(/usr/share/texlive/texmf-dist/tex/latex/base/size12.clo
File: size12.clo 2024/06/29 v1.4n Standard LaTeX file (size option)
)
\c@part=\count196
\c@section=\count197
\c@subsection=\count198
\c@subsubsection=\count199
\c@paragraph=\count266
\c@subparagraph=\count267
\c@figure=\count268
\c@table=\count269
\abovecaptionskip=\skip49
\belowcaptionskip=\skip50
\bibindent=\dimen141
)
(/usr/share/texlive/texmf-dist/tex/latex/base/inputenc.sty
Package: inputenc 2024/02/08 v1.3d Input encoding file
\inpenc@prehook=\toks17
\inpenc@posthook=\toks18
)
(/usr/share/texlive/texmf-dist/tex/latex/base/fontenc.sty
Package: fontenc 2021/04/29 v2.0v Standard LaTeX package
)
(/usr/share/texlive/texmf-dist/tex/generic/babel/babel.sty
Package: babel 2025/02/14 v25.4 The multilingual framework for pdfLaTeX, LuaLaT
eX and XeLaTeX
\babel@savecnt=\count270
\U@D=\dimen142
\l@unhyphenated=\language3

(/usr/share/texlive/texmf-dist/tex/generic/babel/txtbabel.def)
\bbl@readstream=\read2
\bbl@dirlevel=\count271
Package babel Info: Main language set with 'main='. Except if you have
(babel)             problems, prefer the default mechanism for setting
(babel)             the main language, i.e., as the last declared.
(babel)             Reported on input line 4095.

(/usr/share/texlive/texmf-dist/tex/generic/babel/locale/pt/babel-portuguese.tex
)
Package babel Info: Importing data for portuguese
(babel)             from babel-pt.ini. Reported on input line 4167.
Package babel Info: Hyphen rules for 'portuguese' set to \l@english
(babel)             (\language0). Reported on input line 4167.
) (/usr/share/texlive/texmf-dist/tex/latex/geometry/geometry.sty
Package: geometry 2020/01/02 v5.9 Page Geometry

(/usr/share/texlive/texmf-dist/tex/latex/graphics/keyval.sty
Package: keyval 2022/05/29 v1.15 key=value parser (DPC)
\KV@toks@=\toks19
)
(/usr/share/texlive/texmf-dist/tex/generic/iftex/ifvtex.sty
Package: ifvtex 2019/10/25 v1.7 ifvtex legacy package. Use iftex instead.

(/usr/share/texlive/texmf-dist/tex/generic/iftex/iftex.sty
Package: iftex 2024/12/12 v1.0g TeX engine tests
))
\Gm@cnth=\count272
\Gm@cntv=\count273
\c@Gm@tempcnt=\count274
\Gm@bindingoffset=\dimen143
\Gm@wd@mp=\dimen144
\Gm@odd@mp=\dimen145
\Gm@even@mp=\dimen146
\Gm@layoutwidth=\dimen147
\Gm@layoutheight=\dimen148
\Gm@layouthoffset=\dimen149
\Gm@layoutvoffset=\dimen150
\Gm@dimlist=\toks20
)
(/usr/share/texlive/texmf-dist/tex/latex/graphics/graphicx.sty
Package: graphicx 2021/09/16 v1.2d Enhanced LaTeX Graphics (DPC,SPQR)

(/usr/share/texlive/texmf-dist/tex/latex/graphics/graphics.sty
Package: graphics 2024/08/06 v1.4g Standard LaTeX Graphics (DPC,SPQR)

(/usr/share/texlive/texmf-dist/tex/latex/graphics/trig.sty
Package: trig 2023/12/02 v1.11 sin cos tan (DPC)
)
(/usr/share/texlive/texmf-dist/tex/latex/graphics-cfg/graphics.cfg
File: graphics.cfg 2016/06/04 v1.11 sample graphics configuration
)
Package graphics Info: Driver file: pdftex.def on input line 106.

(/usr/share/texlive/texmf-dist/tex/latex/graphics-def/pdftex.def
File: pdftex.def 2024/04/13 v1.2c Graphics/color driver for pdftex
))
\Gin@req@height=\dimen151
\Gin@req@width=\dimen152
)
(/usr/share/texlive/texmf-dist/tex/latex/float/float.sty
Package: float 2001/11/08 v1.3d Float enhancements (AL)
\c@float@type=\count275
\float@exts=\toks21
\float@box=\box52
\@float@everytoks=\toks22
\@floatcapt=\box53
)
(/usr/share/texlive/texmf-dist/tex/latex/hyperref/hyperref.sty
Package: hyperref 2024-11-05 v7.01l Hypertext links for LaTeX

(/usr/share/texlive/texmf-dist/tex/latex/kvsetkeys/kvsetkeys.sty
Package: kvsetkeys 2022-10-05 v1.19 Key value parser (HO)
)
(/usr/share/texlive/texmf-dist/tex/generic/kvdefinekeys/kvdefinekeys.sty
Package: kvdefinekeys 2019-12-19 v1.6 Define keys (HO)
)
(/usr/share/texlive/texmf-dist/tex/generic/pdfescape/pdfescape.sty
Package: pdfescape 2019/12/09 v1.15 Implements pdfTeX's escape features (HO)

(/usr/share/texlive/texmf-dist/tex/generic/ltxcmds/ltxcmds.sty
Package: ltxcmds 2023-12-04 v1.26 LaTeX kernel commands for general use (HO)
)
(/usr/share/texlive/texmf-dist/tex/generic/pdftexcmds/pdftexcmds.sty
Package: pdftexcmds 2020-06-27 v0.33 Utility functions of pdfTeX for LuaTeX (HO
)

(/usr/share/texlive/texmf-dist/tex/generic/infwarerr/infwarerr.sty
Package: infwarerr 2019/12/03 v1.5 Providing info/warning/error messages (HO)
)
Package pdftexcmds Info: \pdf@primitive is available.
Package pdftexcmds Info: \pdf@ifprimitive is available.
Package pdftexcmds Info: \pdfdraftmode found.
))
(/usr/share/texlive/texmf-dist/tex/latex/hycolor/hycolor.sty
Package: hycolor 2020-01-27 v1.10 Color options for hyperref/bookmark (HO)
)
(/usr/share/texlive/texmf-dist/tex/latex/hyperref/nameref.sty
Package: nameref 2023-11-26 v2.56 Cross-referencing by name of section

(/usr/share/texlive/texmf-dist/tex/latex/refcount/refcount.sty
Package: refcount 2019/12/15 v3.6 Data extraction from label references (HO)
)
(/usr/share/texlive/texmf-dist/tex/generic/gettitlestring/gettitlestring.sty
Package: gettitlestring 2019/12/15 v1.6 Cleanup title references (HO)

(/usr/share/texlive/texmf-dist/tex/latex/kvoptions/kvoptions.sty
Package: kvoptions 2022-06-15 v3.15 Key value format for package options (HO)
))
\c@section@level=\count276
)
(/usr/share/texlive/texmf-dist/tex/latex/etoolbox/etoolbox.sty
Package: etoolbox 2025/02/11 v2.5l e-TeX tools for LaTeX (JAW)
\etb@tempcnta=\count277
)
(/usr/share/texlive/texmf-dist/tex/generic/stringenc/stringenc.sty
Package: stringenc 2019/11/29 v1.12 Convert strings between diff. encodings (HO
)
)
\@linkdim=\dimen153
\Hy@linkcounter=\count278
\Hy@pagecounter=\count279

(/usr/share/texlive/texmf-dist/tex/latex/hyperref/pd1enc.def
File: pd1enc.def 2024-11-05 v7.01l Hyperref: PDFDocEncoding definition (HO)
Now handling font encoding PD1 ...
... no UTF-8 mapping file for font encoding PD1
)
(/usr/share/texlive/texmf-dist/tex/generic/intcalc/intcalc.sty
Package: intcalc 2019/12/15 v1.3 Expandable calculations with integers (HO)
)
\Hy@SavedSpaceFactor=\count280

(/usr/share/texlive/texmf-dist/tex/latex/hyperref/puenc.def
File: puenc.def 2024-11-05 v7.01l Hyperref: PDF Unicode definition (HO)
Now handling font encoding PU ...
... no UTF-8 mapping file for font encoding PU
)
Package hyperref Info: Hyper figures OFF on input line 4157.
Package hyperref Info: Link nesting OFF on input line 4162.
Package hyperref Info: Hyper index ON on input line 4165.
Package hyperref Info: Plain pages OFF on input line 4172.
Package hyperref Info: Backreferencing OFF on input line 4177.
Package hyperref Info: Implicit mode ON; LaTeX internals redefined.
Package hyperref Info: Bookmarks ON on input line 4424.
\c@Hy@tempcnt=\count281

(/usr/share/texlive/texmf-dist/tex/latex/url/url.sty
\Urlmuskip=\muskip17
Package: url 2013/09/16  ver 3.4  Verb mode for urls, etc.
)
LaTeX Info: Redefining \url on input line 4763.
\XeTeXLinkMargin=\dimen154

(/usr/share/texlive/texmf-dist/tex/generic/bitset/bitset.sty
Package: bitset 2019/12/09 v1.3 Handle bit-vector datatype (HO)

(/usr/share/texlive/texmf-dist/tex/generic/bigintcalc/bigintcalc.sty
Package: bigintcalc 2019/12/15 v1.5 Expandable calculations on big integers (HO
)
))
\Fld@menulength=\count282
\Field@Width=\dimen155
\Fld@charsize=\dimen156
Package hyperref Info: Hyper figures OFF on input line 6042.
Package hyperref Info: Link nesting OFF on input line 6047.
Package hyperref Info: Hyper index ON on input line 6050.
Package hyperref Info: backreferencing OFF on input line 6057.
Package hyperref Info: Link coloring OFF on input line 6062.
Package hyperref Info: Link coloring with OCG OFF on input line 6067.
Package hyperref Info: PDF/A mode OFF on input line 6072.

(/usr/share/texlive/texmf-dist/tex/latex/base/atbegshi-ltx.sty
Package: atbegshi-ltx 2021/01/10 v1.0c Emulation of the original atbegshi
package with kernel methods
)
\Hy@abspage=\count283
\c@Item=\count284
\c@Hfootnote=\count285
)
Package hyperref Info: Driver (autodetected): hpdftex.

(/usr/share/texlive/texmf-dist/tex/latex/hyperref/hpdftex.def
File: hpdftex.def 2024-11-05 v7.01l Hyperref driver for pdfTeX

(/usr/share/texlive/texmf-dist/tex/latex/base/atveryend-ltx.sty
Package: atveryend-ltx 2020/08/19 v1.0a Emulation of the original atveryend pac
kage
with kernel methods
)
\Fld@listcount=\count286
\c@bookmark@seq@number=\count287

(/usr/share/texlive/texmf-dist/tex/latex/rerunfilecheck/rerunfilecheck.sty
Package: rerunfilecheck 2022-07-10 v1.10 Rerun checks for auxiliary files (HO)

(/usr/share/texlive/texmf-dist/tex/generic/uniquecounter/uniquecounter.sty
Package: uniquecounter 2019/12/15 v1.4 Provide unlimited unique counter (HO)
)
Package uniquecounter Info: New unique counter `rerunfilecheck' on input line 2
85.
)
\Hy@SectionHShift=\skip51
)
(/usr/share/texlive/texmf-dist/tex/latex/xcolor/xcolor.sty
Package: xcolor 2024/09/29 v3.02 LaTeX color extensions (UK)

(/usr/share/texlive/texmf-dist/tex/latex/graphics-cfg/color.cfg
File: color.cfg 2016/01/02 v1.6 sample color configuration
)
Package xcolor Info: Driver file: pdftex.def on input line 274.

(/usr/share/texlive/texmf-dist/tex/latex/graphics/mathcolor.ltx)
Package xcolor Info: Model `cmy' substituted by `cmy0' on input line 1349.
Package xcolor Info: Model `hsb' substituted by `rgb' on input line 1353.
Package xcolor Info: Model `RGB' extended on input line 1365.
Package xcolor Info: Model `HTML' substituted by `rgb' on input line 1367.
Package xcolor Info: Model `Hsb' substituted by `hsb' on input line 1368.
Package xcolor Info: Model `tHsb' substituted by `hsb' on input line 1369.
Package xcolor Info: Model `HSB' substituted by `hsb' on input line 1370.
Package xcolor Info: Model `Gray' substituted by `gray' on input line 1371.
Package xcolor Info: Model `wave' substituted by `hsb' on input line 1372.
)
(/usr/share/texlive/texmf-dist/tex/latex/listings/listings.sty
\lst@mode=\count288
\lst@gtempboxa=\box54
\lst@token=\toks23
\lst@length=\count289
\lst@currlwidth=\dimen157
\lst@column=\count290
\lst@pos=\count291
\lst@lostspace=\dimen158
\lst@width=\dimen159
\lst@newlines=\count292
\lst@lineno=\count293
\lst@maxwidth=\dimen160

(/usr/share/texlive/texmf-dist/tex/latex/listings/lstpatch.sty
File: lstpatch.sty 2024/09/23 1.10c (Carsten Heinz)
)
(/usr/share/texlive/texmf-dist/tex/latex/listings/lstmisc.sty
File: lstmisc.sty 2024/09/23 1.10c (Carsten Heinz)
\c@lstnumber=\count294
\lst@skipnumbers=\count295
\lst@framebox=\box55
)
(/usr/share/texlive/texmf-dist/tex/latex/listings/listings.cfg
File: listings.cfg 2024/09/23 1.10c listings configuration
))
Package: listings 2024/09/23 1.10c (Carsten Heinz)

(/usr/share/texlive/texmf-dist/tex/latex/listingsutf8/listingsutf8.sty
Package: listingsutf8 2019-12-10 v1.5 Allow UTF-8 in listings input (HO)
)
(/usr/share/texlive/texmf-dist/tex/latex/amsfonts/amssymb.sty
Package: amssymb 2013/01/14 v3.01 AMS font symbols

(/usr/share/texlive/texmf-dist/tex/latex/amsfonts/amsfonts.sty
Package: amsfonts 2013/01/14 v3.01 Basic AMSFonts support
\@emptytoks=\toks24
\symAMSa=\mathgroup4
\symAMSb=\mathgroup5
LaTeX Font Info:    Redeclaring math symbol \hbar on input line 98.
LaTeX Font Info:    Overwriting math alphabet `\mathfrak' in version `bold'
(Font)                  U/euf/m/n --> U/euf/b/n on input line 106.
))
(/usr/share/texlive/texmf-dist/tex/latex/caption/caption.sty
Package: caption 2023/08/05 v3.6o Customizing captions (AR)

(/usr/share/texlive/texmf-dist/tex/latex/caption/caption3.sty
Package: caption3 2023/07/31 v2.4d caption3 kernel (AR)
\caption@tempdima=\dimen161
\captionmargin=\dimen162
\caption@leftmargin=\dimen163
\caption@rightmargin=\dimen164
\caption@width=\dimen165
\caption@indent=\dimen166
\caption@parindent=\dimen167
\caption@hangindent=\dimen168
Package caption Info: Standard document class detected.
)
\c@caption@flags=\count296
\c@continuedfloat=\count297
Package caption Info: float package is loaded.
Package caption Info: hyperref package is loaded.
Package caption Info: listings package is loaded.
)
(/usr/share/texlive/texmf-dist/tex/latex/l3backend/l3backend-pdftex.def
File: l3backend-pdftex.def 2024-05-08 L3 backend support: PDF output (pdfTeX)
\l__color_backend_stack_int=\count298
\l__pdf_internal_box=\box56
)
(./relatorio.aux)
\openout1 = `relatorio.aux'.

LaTeX Font Info:    Checking defaults for OML/cmm/m/it on input line 52.
LaTeX Font Info:    ... okay on input line 52.
LaTeX Font Info:    Checking defaults for OMS/cmsy/m/n on input line 52.
LaTeX Font Info:    ... okay on input line 52.
LaTeX Font Info:    Checking defaults for OT1/cmr/m/n on input line 52.
LaTeX Font Info:    ... okay on input line 52.
LaTeX Font Info:    Checking defaults for T1/cmr/m/n on input line 52.
LaTeX Font Info:    ... okay on input line 52.
LaTeX Font Info:    Checking defaults for TS1/cmr/m/n on input line 52.
LaTeX Font Info:    ... okay on input line 52.
LaTeX Font Info:    Checking defaults for OMX/cmex/m/n on input line 52.
LaTeX Font Info:    ... okay on input line 52.
LaTeX Font Info:    Checking defaults for U/cmr/m/n on input line 52.
LaTeX Font Info:    ... okay on input line 52.
LaTeX Font Info:    Checking defaults for PD1/pdf/m/n on input line 52.
LaTeX Font Info:    ... okay on input line 52.
LaTeX Font Info:    Checking defaults for PU/pdf/m/n on input line 52.
LaTeX Font Info:    ... okay on input line 52.

*geometry* driver: auto-detecting
*geometry* detected driver: pdftex
*geometry* verbose mode - [ preamble ] result:
* driver: pdftex
* paper: a4paper
* layout: <same size as paper>
* layoutoffset:(h,v)=(0.0pt,0.0pt)
* modes: 
* h-part:(L,W,R)=(71.13188pt, 455.24411pt, 71.13188pt)
* v-part:(T,H,B)=(71.13188pt, 702.78308pt, 71.13188pt)
* \paperwidth=597.50787pt
* \paperheight=845.04684pt
* \textwidth=455.24411pt
* \textheight=702.78308pt
* \oddsidemargin=-1.1381pt
* \evensidemargin=-1.1381pt
* \topmargin=-38.1381pt
* \headheight=12.0pt
* \headsep=25.0pt
* \topskip=12.0pt
* \footskip=30.0pt
* \marginparwidth=35.0pt
* \marginparsep=10.0pt
* \columnsep=10.0pt
* \skip\footins=10.8pt plus 4.0pt minus 2.0pt
* \hoffset=0.0pt
* \voffset=0.0pt
* \mag=1000
* \@twocolumnfalse
* \@twosidefalse
* \@mparswitchfalse
* \@reversemarginfalse
* (1in=72.27pt=25.4mm, 1cm=28.453pt)

(/usr/share/texlive/texmf-dist/tex/context/base/mkii/supp-pdf.mkii
[Loading MPS to PDF converter (version 2006.09.02).]
\scratchcounter=\count299
\scratchdimen=\dimen169
\scratchbox=\box57
\nofMPsegments=\count300
\nofMParguments=\count301
\everyMPshowfont=\toks25
\MPscratchCnt=\count302
\MPscratchDim=\dimen170
\MPnumerator=\count303
\makeMPintoPDFobject=\count304
\everyMPtoPDFconversion=\toks26
) (/usr/share/texlive/texmf-dist/tex/latex/epstopdf-pkg/epstopdf-base.sty
Package: epstopdf-base 2020-01-24 v2.11 Base part for package epstopdf
Package epstopdf-base Info: Redefining graphics rule for `.eps' on input line 4
85.

(/usr/share/texlive/texmf-dist/tex/latex/latexconfig/epstopdf-sys.cfg
File: epstopdf-sys.cfg 2010/07/13 v1.3 Configuration of (r)epstopdf for TeX Liv
e
))
Package hyperref Info: Link coloring OFF on input line 52.

(./relatorio.out) (./relatorio.out)
\@outlinefile=\write3
\openout3 = `relatorio.out'.

\c@lstlisting=\count305
Package caption Info: Begin \AtBeginDocument code.
Package caption Info: End \AtBeginDocument code.
LaTeX Font Info:    Trying to load font information for U+msa on input line 54.


(/usr/share/texlive/texmf-dist/tex/latex/amsfonts/umsa.fd
File: umsa.fd 2013/01/14 v3.01 AMS symbols A
)
LaTeX Font Info:    Trying to load font information for U+msb on input line 54.


(/usr/share/texlive/texmf-dist/tex/latex/amsfonts/umsb.fd
File: umsb.fd 2013/01/14 v3.01 AMS symbols B
)

[1

{/var/lib/texmf/fonts/map/pdftex/updmap/pdftex.map}]
<figs/4_1_fig01.png, id=11, 409.7709pt x 327.3831pt>
File: figs/4_1_fig01.png Graphic file (type png)
<use figs/4_1_fig01.png>
Package pdftex.def Info: figs/4_1_fig01.png  used on input line 71.
(pdftex.def)             Requested size: 432.48051pt x 345.54077pt.


[2

 <./figs/4_1_fig01.png>]
<figs/4_2_fig01.png, id=34, 416.2752pt x 327.3831pt>
File: figs/4_2_fig01.png Graphic file (type png)
<use figs/4_2_fig01.png>
Package pdftex.def Info: figs/4_2_fig01.png  used on input line 101.
(pdftex.def)             Requested size: 432.48051pt x 340.14568pt.
<figs/4_2_fig02.png, id=35, 409.7709pt x 328.1058pt>
File: figs/4_2_fig02.png Graphic file (type png)
<use figs/4_2_fig02.png>
Package pdftex.def Info: figs/4_2_fig02.png  used on input line 106.
(pdftex.def)             Requested size: 432.48051pt x 346.30356pt.


[3

]

[4 <./figs/4_2_fig01.png>]

[5 <./figs/4_2_fig02.png>]

[6

]
<figs/4_3_fig01.png, id=125, 1004.553pt x 570.933pt>
File: figs/4_3_fig01.png Graphic file (type png)
<use figs/4_3_fig01.png>
Package pdftex.def Info: figs/4_3_fig01.png  used on input line 193.
(pdftex.def)             Requested size: 432.48051pt x 245.8013pt.


[7]

[8 <./figs/4_3_fig01.png>]
<figs/4_5_fig01.png, id=171, 1076.1003pt x 354.123pt>
File: figs/4_5_fig01.png Graphic file (type png)
<use figs/4_5_fig01.png>
Package pdftex.def Info: figs/4_5_fig01.png  used on input line 237.
(pdftex.def)             Requested size: 432.48051pt x 142.31671pt.
<figs/4_5_fig02.png, id=172, 1076.823pt x 354.123pt>
File: figs/4_5_fig02.png Graphic file (type png)
<use figs/4_5_fig02.png>
Package pdftex.def Info: figs/4_5_fig02.png  used on input line 242.
(pdftex.def)             Requested size: 432.48051pt x 142.22485pt.


[9

]

[10 <./figs/4_5_fig01.png> <./figs/4_5_fig02.png>]

[11

]
<figs/4_8_fig01.png, id=272, 859.2903pt x 426.393pt>
File: figs/4_8_fig01.png Graphic file (type png)
<use figs/4_8_fig01.png>
Package pdftex.def Info: figs/4_8_fig01.png  used on input line 321.
(pdftex.def)             Requested size: 432.48051pt x 214.60132pt.
<figs/4_8_fig02.png, id=273, 859.2903pt x 426.393pt>
File: figs/4_8_fig02.png Graphic file (type png)
<use figs/4_8_fig02.png>
Package pdftex.def Info: figs/4_8_fig02.png  used on input line 326.
(pdftex.def)             Requested size: 432.48051pt x 214.60132pt.
<figs/4_8_fig03.png, id=274, 1076.823pt x 426.393pt>
File: figs/4_8_fig03.png Graphic file (type png)
<use figs/4_8_fig03.png>
Package pdftex.def Info: figs/4_8_fig03.png  used on input line 331.
(pdftex.def)             Requested size: 432.48051pt x 171.25034pt.


[12 <./figs/4_8_fig01.png>]

[13 <./figs/4_8_fig02.png> <./figs/4_8_fig03.png>]

[14

]
<figs/4_11_fig01.png, id=364, 859.2903pt x 714.7503pt>
File: figs/4_11_fig01.png Graphic file (type png)
<use figs/4_11_fig01.png>
Package pdftex.def Info: figs/4_11_fig01.png  used on input line 422.
(pdftex.def)             Requested size: 432.48051pt x 359.73001pt.


[15]

[16 <./figs/4_11_fig01.png>]

[17

]
<figs/5_2_fig01.png, id=461, 860.013pt x 714.7503pt>
File: figs/5_2_fig01.png Graphic file (type png)
<use figs/5_2_fig01.png>
Package pdftex.def Info: figs/5_2_fig01.png  used on input line 490.
(pdftex.def)             Requested size: 432.48051pt x 359.43555pt.


[18 <./figs/5_2_fig01.png>]

[19

]
<figs/5_4_fig01.png, id=531, 931.5603pt x 498.663pt>
File: figs/5_4_fig01.png Graphic file (type png)
<use figs/5_4_fig01.png>
Package pdftex.def Info: figs/5_4_fig01.png  used on input line 584.
(pdftex.def)             Requested size: 432.48051pt x 231.51067pt.


[20]

[21 <./figs/5_4_fig01.png>]

[22

]

[23]
<figs/5_8_fig01.png, id=687, 1003.8303pt x 714.7503pt>
File: figs/5_8_fig01.png Graphic file (type png)
<use figs/5_8_fig01.png>
Package pdftex.def Info: figs/5_8_fig01.png  used on input line 704.
(pdftex.def)             Requested size: 432.48051pt x 307.93648pt.


[24 <./figs/5_8_fig01.png>]

[25

]

[26]
<figs/5_9_fig01.png, id=814, 1004.553pt x 714.7503pt>
File: figs/5_9_fig01.png Graphic file (type png)
<use figs/5_9_fig01.png>
Package pdftex.def Info: figs/5_9_fig01.png  used on input line 822.
(pdftex.def)             Requested size: 432.48051pt x 307.71835pt.


[27 <./figs/5_9_fig01.png>]

[28

]
<figs/5_10_fig01.png, id=882, 1010.3346pt x 787.743pt>
File: figs/5_10_fig01.png Graphic file (type png)
<use figs/5_10_fig01.png>
Package pdftex.def Info: figs/5_10_fig01.png  used on input line 924.
(pdftex.def)             Requested size: 432.48051pt x 337.19633pt.


[29]

[30 <./figs/5_10_fig01.png>]

[31

]
<figs/5_11_fig01.png, id=991, 859.2903pt x 715.473pt>
File: figs/5_11_fig01.png Graphic file (type png)
<use figs/5_11_fig01.png>
Package pdftex.def Info: figs/5_11_fig01.png  used on input line 998.
(pdftex.def)             Requested size: 432.48051pt x 360.09375pt.


[32 <./figs/5_11_fig01.png>]

[33

]

[34]

[35

]

[36]
<figs/6_2_fig01.png, id=1228, 405.4347pt x 570.933pt>
File: figs/6_2_fig01.png Graphic file (type png)
<use figs/6_2_fig01.png>
Package pdftex.def Info: figs/6_2_fig01.png  used on input line 1224.
(pdftex.def)             Requested size: 432.48051pt x 609.0541pt.


[37]

[38 <./figs/6_2_fig01.png>]
<figs/6_4_fig01.png, id=1257, 616.4631pt x 394.5942pt>
File: figs/6_4_fig01.png Graphic file (type png)
<use figs/6_4_fig01.png>
Package pdftex.def Info: figs/6_4_fig01.png  used on input line 1258.
(pdftex.def)             Requested size: 432.48051pt x 276.8342pt.


[39

]

[40 <./figs/6_4_fig01.png>]
<figs/6_6_fig01.png, id=1291, 620.0766pt x 395.3169pt>
File: figs/6_6_fig01.png Graphic file (type png)
<use figs/6_6_fig01.png>
Package pdftex.def Info: figs/6_6_fig01.png  used on input line 1280.
(pdftex.def)             Requested size: 432.48051pt x 275.71861pt.


[41

 <./figs/6_6_fig01.png>]
<figs/6_8_fig01.png, id=1310, 610.6815pt x 450.2421pt>
File: figs/6_8_fig01.png Graphic file (type png)
<use figs/6_8_fig01.png>
Package pdftex.def Info: figs/6_8_fig01.png  used on input line 1325.
(pdftex.def)             Requested size: 432.48051pt x 318.8703pt.


[42

]

[43 <./figs/6_8_fig01.png>] (./relatorio.aux)
 ***********
LaTeX2e <2024-11-01> patch level 2
L3 programming layer <2025-01-18>
 ***********
Package rerunfilecheck Info: File `relatorio.out' has not changed.
(rerunfilecheck)             Checksum: D41D8CD98F00B204E9800998ECF8427E;0.
 ) 
Here is how much of TeX's memory you used:
 15690 strings out of 475178
 245691 string characters out of 5766539
 1036053 words of memory out of 5000000
 37381 multiletter control sequences out of 15000+600000
 574160 words of font info for 78 fonts, out of 8000000 for 9000
 14 hyphenation exceptions out of 8191
 75i,6n,79p,316b,2032s stack positions out of 10000i,1000n,20000p,200000b,200000s
 </home/igor_retta/.texlive2025/texmf-var/fonts/pk/ljfour/jknappen/ec/tctt109
5.600pk> </home/igor_retta/.texlive2025/texmf-var/fonts/pk/ljfour/jknappen/ec/e
cbx1200.600pk> </home/igor_retta/.texlive2025/texmf-var/fonts/pk/ljfour/jknappe
n/ec/ectt1095.600pk> </home/igor_retta/.texlive2025/texmf-var/fonts/pk/ljfour/j
knappen/ec/ecbx1440.600pk> </home/igor_retta/.texlive2025/texmf-var/fonts/pk/lj
four/jknappen/ec/ecrm1200.600pk> </home/igor_retta/.texlive2025/texmf-var/fonts
/pk/ljfour/jknappen/ec/ecti1200.600pk> </home/igor_retta/.texlive2025/texmf-var
/fonts/pk/ljfour/jknappen/ec/ecbx1728.600pk> </home/igor_retta/.texlive2025/tex
mf-var/fonts/pk/ljfour/jknappen/ec/ecrm1440.600pk> </home/igor_retta/.texlive20
25/texmf-var/fonts/pk/ljfour/jknappen/ec/ecrm2074.600pk></usr/share/texlive/tex
mf-dist/fonts/type1/public/amsfonts/cm/cmmi10.pfb></usr/share/texlive/texmf-dis
t/fonts/type1/public/amsfonts/cm/cmmi8.pfb></usr/share/texlive/texmf-dist/fonts
/type1/public/amsfonts/cm/cmr8.pfb></usr/share/texlive/texmf-dist/fonts/type1/p
ublic/amsfonts/cm/cmsy10.pfb></usr/share/texlive/texmf-dist/fonts/type1/public/
amsfonts/symbols/msam10.pfb>
Output written on relatorio.pdf (43 pages, 1332720 bytes).
PDF statistics:
 1928 PDF objects out of 2073 (max. 8388607)
 1534 compressed objects within 16 object streams
 1151 named destinations out of 1200 (max. 500000)
 101 words of extra memory for PDF output out of 10000 (max. 10000000)

