Microchip MPLAB XC8 Compiler V3.00

Linker command line:

-W-3 \
  --edf=C:\Program Files\Microchip\xc8\v3.00\pic\dat\20241204225717_en.msgs \
  -cn -h+dist/default/production\RTOS_V25.X.production.sym \
  --cmf=dist/default/production\RTOS_V25.X.production.cmf -z -Q18F4550 \
  -oC:\Users\igord\AppData\Local\Temp\xcAs2tqk.\driver_tmp_3.o \
  --defsym=__MPLAB_BUILD=1 --fixupoverflow=error \
  -Mdist/default/production/RTOS_V25.X.production.map \
  --md=C:\Users\igord\AppData\Local\Temp\xcAs2tqk.\driver_tmp_0.dat -E1 \
  -ver=XC8 Compiler -ASTACK=0487h-07FFh -pstack=STACK -ACODE=00h-07FFFh \
  -ACONST=00h-07FFFh -ASMALLCONST=0800h-08FFhx120 \
  -AMEDIUMCONST=0800h-07FFFh -ACOMRAM=01h-05Fh -AABS1=00h-07FFh \
  -ABIGRAM=01h-07FFh -ARAM=060h-0FFh,0100h-01FFhx7 -ABANK0=060h-0FFh \
  -ABANK1=0100h-01FFh -ABANK2=0200h-02FFh -ABANK3=0300h-03FFh \
  -ABANK4=0400h-04FFh -ABANK5=0500h-05FFh -ABANK6=0600h-06FFh \
  -ABANK7=0700h-07FFh -ASFR=0F60h-0FFFh -ABIGSFR=0F60h-0FFFh \
  -ACONFIG=0300000h-030000Dh -AIDLOC=0200000h-0200007h \
  -AEEDATA=0F00000h-0F000FFh -peeprom_data=EEDATA \
  -preset_vec=00h,intcode=8h,intcodelo=18h,sivt_lo,sivt_hi=CODE \
  -ppowerup=CODE,init -pramtop=0800h -psmallconst=SMALLCONST \
  -pmediumconst=MEDIUMCONST -pconst=CONST -AFARRAM=00h-00h \
  -prdata=COMRAM,nvrram=COMRAM,nvbit=COMRAM,rbss=COMRAM,rbit=COMRAM \
  -pfarbss=FARRAM,fardata=FARRAM,nvFARRAM=FARRAM \
  -pintsave_regs=BIGRAM,bigbss=BIGRAM,bigdata=BIGRAM -pbss=RAM \
  -pidata=CODE,irdata=CODE,ibigdata=CODE,ifardata=CODE -prparam=COMRAM \
  C:\Users\igord\AppData\Local\Temp\xcAs2tqk.\driver_tmp_9.o \
  dist/default/production\RTOS_V25.X.production.o 

Object code version is 3.11

Machine type is 18F4550



                Name                               Link     Load   Length Selector   Space Scale
C:\Users\igord\AppData\Local\Temp\xcAs2tqk.\driver_tmp_9.o
                stack                               487      487      379      487       2
                init                                  C        C        8        4       0
                reset_vec                             0        0        4        0       0
dist/default/production\RTOS_V25.X.production.o
                intcode                               8        8        4        4       0
                temp                                  1        1       20        1       1
                smallconst                          800      800        2      400       0
                text40                             2038     2038       8E      401       0
                text39                             23E0     23E0       56      401       0
                text38                             2326     2326       64      401       0
                intcode_body                        E1A      E1A      2EC      401       0
                text36                             2622     2622        8      401       0
                text35                             19AC     19AC       F2      401       0
                text34                             13A8     13A8      282      401       0
                text33                             1FA8     1FA8       90      401       0
                text32                             25A6     25A6       24      401       0
                text31                             21D2     21D2       80      401       0
                text30                             20C6     20C6       8A      401       0
                text29                             1F0C     1F0C       9C      401       0
                text28                             2436     2436       52      401       0
                text27                             1DCA     1DCA       A6      401       0
                text26                             2488     2488       42      401       0
                text25                             1A9E     1A9E       EC      401       0
                text24                             262A     262A        6      401       0
                text23                             1106     1106      2A2      401       0
                text22                             1D1A     1D1A       B0      401       0
                text21                              802      802      31C      401       0
                text20                             1896     1896      116      401       0
                text19                             1E70     1E70       9C      401       0
                text18                              B1E      B1E      2FC      401       0
                text17                             1C62     1C62       B8      401       0
                text16                             2606     2606       10      401       0
                text15                             162A     162A      14E      401       0
                text14                             22C0     22C0       66      401       0
                text13                             25CA     25CA       1C      401       0
                text12                             238A     238A       56      401       0
                text11                             257E     257E       28      401       0
                text10                             2630     2630        4      401       0
                text9                              25F6     25F6       10      401       0
                text8                              1B8A     1B8A       D8      401       0
                text7                              1778     1778      11E      401       0
                text6                              2556     2556       28      401       0
                text5                              2500     2500       2E      401       0
                text4                              2150     2150       82      401       0
                text3                              252E     252E       28      401       0
                text2                              2252     2252       6E      401       0
                text1                              2616     2616        C      401       0
                text0                              25E6     25E6       10      401       0
                cstackCOMRAM                         21       21       1F        1       1
                cstackBANK0                          60       60       6C       60       1
                cstackBANK1                         17C      17C       47      100       1
                cstackBANK2                         200      200       6C      200       1
                bssBIGRAM                           26C      26C      21B      26C       1
                bssBANK1                            100      100       7C      100       1
                bssCOMRAM                            40       40        7        1       1
                cinit                              24CA     24CA       36      401       0

TOTAL           Name                               Link     Load   Length     Space
        CLASS   STACK          
                stack                               487      487      379         2

        CLASS   CODE           
                intcode                               8        8        4         0
                init                                  C        C        8         0
                reset_vec                             0        0        4         0
                text40                             2038     2038       8E         0
                text39                             23E0     23E0       56         0
                text38                             2326     2326       64         0
                intcode_body                        E1A      E1A      2EC         0
                text36                             2622     2622        8         0
                text35                             19AC     19AC       F2         0
                text34                             13A8     13A8      282         0
                text33                             1FA8     1FA8       90         0
                text32                             25A6     25A6       24         0
                text31                             21D2     21D2       80         0
                text30                             20C6     20C6       8A         0
                text29                             1F0C     1F0C       9C         0
                text28                             2436     2436       52         0
                text27                             1DCA     1DCA       A6         0
                text26                             2488     2488       42         0
                text25                             1A9E     1A9E       EC         0
                text24                             262A     262A        6         0
                text23                             1106     1106      2A2         0
                text22                             1D1A     1D1A       B0         0
                text21                              802      802      31C         0
                text20                             1896     1896      116         0
                text19                             1E70     1E70       9C         0
                text18                              B1E      B1E      2FC         0
                text17                             1C62     1C62       B8         0
                text16                             2606     2606       10         0
                text15                             162A     162A      14E         0
                text14                             22C0     22C0       66         0
                text13                             25CA     25CA       1C         0
                text12                             238A     238A       56         0
                text11                             257E     257E       28         0
                text10                             2630     2630        4         0
                text9                              25F6     25F6       10         0
                text8                              1B8A     1B8A       D8         0
                text7                              1778     1778      11E         0
                text6                              2556     2556       28         0
                text5                              2500     2500       2E         0
                text4                              2150     2150       82         0
                text3                              252E     252E       28         0
                text2                              2252     2252       6E         0
                text1                              2616     2616        C         0
                text0                              25E6     25E6       10         0
                cinit                              24CA     24CA       36         0

        CLASS   CONST          

        CLASS   SMALLCONST     
                smallconst                          800      800        2         0

        CLASS   MEDIUMCONST    

        CLASS   COMRAM         
                temp                                  1        1       20         1
                cstackCOMRAM                         21       21       1F         1
                bssCOMRAM                            40       40        7         1

        CLASS   ABS1           

        CLASS   BIGRAM         
                bssBIGRAM                           26C      26C      21B         1

        CLASS   RAM            

        CLASS   BANK0          
                cstackBANK0                          60       60       6C         1

        CLASS   BANK1          
                cstackBANK1                         17C      17C       47         1
                bssBANK1                            100      100       7C         1

        CLASS   BANK2          
                cstackBANK2                         200      200       6C         1

        CLASS   BANK3          

        CLASS   BANK4          

        CLASS   BANK5          

        CLASS   BANK6          

        CLASS   BANK7          

        CLASS   SFR            

        CLASS   BIGSFR         

        CLASS   CONFIG         

        CLASS   IDLOC          

        CLASS   EEDATA         

        CLASS   FARRAM         

        CLASS   HEAP           



SEGMENTS        Name                           Load    Length   Top    Selector   Space  Class

                reset_vec                      000000  000004  000004         0       0  CODE    
                temp                           000001  000046  000047         1       1  COMRAM  
                intcode                        000008  00000C  000014         4       0  CODE    
                cstackBANK0                    000060  00006C  0000CC        60       1  BANK0   
                bssBANK1                       000100  0000C3  0001C3       100       1  BANK1   
                cstackBANK2                    000200  00006C  00026C       200       1  BANK2   
                bssBIGRAM                      00026C  00021B  000487       26C       1  BIGRAM  
                stack                          000487  000379  000800       487       2  STACK   
                smallconst                     000800  000002  000802       400       0  SMALLCON
                text21                         000802  001E32  002634       401       0  CODE    


UNUSED ADDRESS RANGES

        Name                Unused          Largest block    Delta
        BANK0            00CC-00FF             34
        BANK1            01C3-01FF             3D
        BANK4            0487-04FF             79
        BANK5            0500-05FF            100
        BANK6            0600-06FF            100
        BANK7            0700-07FF            100
        BIGRAM           0047-005F             19
                         00CC-00FF             34
                         01C3-01FF             3D
                         0487-07FF            379
        BIGSFR           0F60-0FFF             A0
        CODE             0004-0007              4
                         0014-07FF            7EC
                         2634-7FFF           59CC
        COMRAM           0047-005F             19
        CONFIG           300000-30000D              E
        CONST            0004-0007              4
                         0014-07FF            7EC
                         2634-7FFF           59CC
        EEDATA           F00000-F000FF            100
        IDLOC            200000-200007              8
        MEDIUMCONST      2634-7FFF           59CC
        RAM              00CC-00FF             34
                         01C3-01FF             3D
                         0487-07FF            100
        SFR              0F60-0FFF             A0
        SMALLCONST       2634-7FFF            100

                                  Symbol Table

?_SRAMalloc                           cstackCOMRAM 0029
?___awmod                             cstackBANK1  019C
?___lldiv                             cstackCOMRAM 0038
?_adc_read                            cstackCOMRAM 0038
SRAMInitHeap@count                    cstackCOMRAM 0023
SRAMInitHeap@pHeap                    cstackCOMRAM 0021
SRAMalloc@nBytes                      cstackCOMRAM 0031
SRAMalloc@pHeap                       cstackCOMRAM 0032
SRAMalloc@segHeader                   cstackCOMRAM 0030
SRAMalloc@segLen                      cstackCOMRAM 002F
SRAMalloc@temp                        cstackCOMRAM 002D
_ADCON0                               (abs)        0FC2
_ADCON0bits                           (abs)        0FC2
_ADCON1                               (abs)        0FC1
_ADCON2                               (abs)        0FC0
_ADRESH                               (abs)        0FC4
_ADRESL                               (abs)        0FC3
_BSR                                  (abs)        0FE0
_CCP1CON                              (abs)        0FBD
_CCP1CONbits                          (abs)        0FBD
_CCPR1L                               (abs)        0FBE
_INTCON2bits                          (abs)        0FF1
_INTCONbits                           (abs)        0FF2
_INTERRUPT_Handler                    intcode      0008
_LATD                                 (abs)        0F8C
_LATDbits                             (abs)        0F8C
_PORTBbits                            (abs)        0F81
_PR2                                  (abs)        0FCB
_SRAMInitHeap                         text14       22C0
_SRAMalloc                            text7        1778
_STATUS                               (abs)        0FD8
_STKPTR                               (abs)        0FFC
_T0CONbits                            (abs)        0FD5
_T2CON                                (abs)        0FCA
_TMR0                                 (abs)        0FD6
_TOS                                  (abs)        0FFD
_TRISAbits                            (abs)        0F92
_TRISBbits                            (abs)        0F93
_TRISCbits                            (abs)        0F94
_TRISDbits                            (abs)        0F95
_WREG                                 (abs)        0FE8
__HRAM                                (abs)        0000
__H__absolute__                       __absolute__ 0000
__Habs1                               abs1         0000
__Hbank0                              bank0        0000
__Hbank1                              bank1        0000
__Hbank2                              bank2        0000
__Hbank3                              bank3        0000
__Hbank4                              bank4        0000
__Hbank5                              bank5        0000
__Hbank6                              bank6        0000
__Hbank7                              bank7        0000
__Hbigbss                             bigbss       0000
__Hbigdata                            bigdata      0000
__Hbigram                             bigram       0000
__Hbigsfr                             bigsfr       0000
__Hbss                                bss          0000
__HbssBANK1                           bssBANK1     0000
__HbssBIGRAM                          bssBIGRAM    0000
__HbssCOMRAM                          bssCOMRAM    0000
__Hcinit                              cinit        0000
__Hclrtext                            clrtext      0000
__Hcomram                             comram       0000
__Hconfig                             config       0000
__Hconst                              const        0000
__HcstackBANK0                        cstackBANK0  0000
__HcstackBANK1                        cstackBANK1  0000
__HcstackBANK2                        cstackBANK2  0000
__HcstackCOMRAM                       cstackCOMRAM 0000
__Hdata                               data         0000
__Heeprom_data                        eeprom_data  0000
__Hfarbss                             farbss       0000
__Hfardata                            fardata      0000
__Hheap                               heap         0000
__Hibigdata                           ibigdata     0000
__Hidata                              idata        0000
__Hidloc                              idloc        0000
__Hifardata                           ifardata     0000
__Hinit                               init         0014
__Hintcode                            intcode      000C
__Hintcode_body                       intcode_body 0000
__Hintcodelo                          intcodelo    0018
__Hintentry                           intentry     0000
__Hintret                             intret       0000
__Hintsave_regs                       intsave_regs 0000
__Hirdata                             irdata       0000
__Hmediumconst                        mediumconst  0000
__HnvFARRAM                           nvFARRAM     0000
__Hnvbit                              nvbit        0000
__Hnvrram                             nvrram       0000
__Hparam                              rparam       0000
__Hpowerup                            powerup      0000
__Hram                                ram          0000
__Hramtop                             ramtop       0800
__Hrbit                               rbit         0000
__Hrbss                               rbss         0000
__Hrdata                              rdata        0000
__Hreset_vec                          reset_vec    0004
__Hrparam                             rparam       0000
__Hsfr                                sfr          0000
__Hsivt_hi                            sivt_hi      0000
__Hsivt_lo                            sivt_lo      0018
__Hsmallconst                         smallconst   0802
__Hspace_0                            (abs)        2634
__Hspace_1                            (abs)        0487
__Hspace_2                            (abs)        0800
__Hspace_4                            (abs)        0000
__Hstack                              stack        0800
__Hstruct                             struct       0000
__Htemp                               temp         0021
__Htext                               text         0000
__Htext0                              text0        0000
__Htext1                              text1        0000
__Htext10                             text10       0000
__Htext11                             text11       0000
__Htext12                             text12       0000
__Htext13                             text13       0000
__Htext14                             text14       0000
__Htext15                             text15       0000
__Htext16                             text16       0000
__Htext17                             text17       0000
__Htext18                             text18       0000
__Htext19                             text19       0000
__Htext2                              text2        0000
__Htext20                             text20       0000
__Htext21                             text21       0000
__Htext22                             text22       0000
__Htext23                             text23       0000
__Htext24                             text24       0000
__Htext25                             text25       0000
__Htext26                             text26       0000
__Htext27                             text27       0000
__Htext28                             text28       0000
__Htext29                             text29       0000
__Htext3                              text3        0000
__Htext30                             text30       0000
__Htext31                             text31       0000
__Htext32                             text32       0000
__Htext33                             text33       0000
__Htext34                             text34       0000
__Htext35                             text35       0000
__Htext36                             text36       0000
__Htext38                             text38       0000
__Htext39                             text39       0000
__Htext4                              text4        0000
__Htext40                             text40       0000
__Htext5                              text5        0000
__Htext6                              text6        0000
__Htext7                              text7        0000
__Htext8                              text8        0000
__Htext9                              text9        0000
__LRAM                                (abs)        0001
__L__absolute__                       __absolute__ 0000
__Labs1                               abs1         0000
__Lbank0                              bank0        0000
__Lbank1                              bank1        0000
__Lbank2                              bank2        0000
__Lbank3                              bank3        0000
__Lbank4                              bank4        0000
__Lbank5                              bank5        0000
__Lbank6                              bank6        0000
__Lbank7                              bank7        0000
__Lbigbss                             bigbss       0000
__Lbigdata                            bigdata      0000
__Lbigram                             bigram       0000
__Lbigsfr                             bigsfr       0000
__Lbss                                bss          0000
__LbssBANK1                           bssBANK1     0000
__LbssBIGRAM                          bssBIGRAM    0000
__LbssCOMRAM                          bssCOMRAM    0000
__Lcinit                              cinit        0000
__Lclrtext                            clrtext      0000
__Lcomram                             comram       0000
__Lconfig                             config       0000
__Lconst                              const        0000
__LcstackBANK0                        cstackBANK0  0000
__LcstackBANK1                        cstackBANK1  0000
__LcstackBANK2                        cstackBANK2  0000
__LcstackCOMRAM                       cstackCOMRAM 0000
__Ldata                               data         0000
__Leeprom_data                        eeprom_data  0000
__Lfarbss                             farbss       0000
__Lfardata                            fardata      0000
__Lheap                               heap         0000
__Libigdata                           ibigdata     0000
__Lidata                              idata        0000
__Lidloc                              idloc        0000
__Lifardata                           ifardata     0000
__Linit                               init         000C
__Lintcode                            intcode      0008
__Lintcode_body                       intcode_body 0000
__Lintcodelo                          intcodelo    0018
__Lintentry                           intentry     0000
__Lintret                             intret       0000
__Lintsave_regs                       intsave_regs 0000
__Lirdata                             irdata       0000
__Lmediumconst                        mediumconst  0000
__LnvFARRAM                           nvFARRAM     0000
__Lnvbit                              nvbit        0000
__Lnvrram                             nvrram       0000
__Lparam                              rparam       0000
__Lpowerup                            powerup      0000
__Lram                                ram          0000
__Lramtop                             ramtop       0800
__Lrbit                               rbit         0000
__Lrbss                               rbss         0000
__Lrdata                              rdata        0000
__Lreset_vec                          reset_vec    0000
__Lrparam                             rparam       0000
__Lsfr                                sfr          0000
__Lsivt_hi                            sivt_hi      0000
__Lsivt_lo                            sivt_lo      0018
__Lsmallconst                         smallconst   0800
__Lspace_0                            (abs)        0000
__Lspace_1                            (abs)        0000
__Lspace_2                            (abs)        0000
__Lspace_4                            (abs)        0000
__Lstack                              stack        0487
__Lstruct                             struct       0000
__Ltemp                               temp         0001
__Ltext                               text         0000
__Ltext0                              text0        0000
__Ltext1                              text1        0000
__Ltext10                             text10       0000
__Ltext11                             text11       0000
__Ltext12                             text12       0000
__Ltext13                             text13       0000
__Ltext14                             text14       0000
__Ltext15                             text15       0000
__Ltext16                             text16       0000
__Ltext17                             text17       0000
__Ltext18                             text18       0000
__Ltext19                             text19       0000
__Ltext2                              text2        0000
__Ltext20                             text20       0000
__Ltext21                             text21       0000
__Ltext22                             text22       0000
__Ltext23                             text23       0000
__Ltext24                             text24       0000
__Ltext25                             text25       0000
__Ltext26                             text26       0000
__Ltext27                             text27       0000
__Ltext28                             text28       0000
__Ltext29                             text29       0000
__Ltext3                              text3        0000
__Ltext30                             text30       0000
__Ltext31                             text31       0000
__Ltext32                             text32       0000
__Ltext33                             text33       0000
__Ltext34                             text34       0000
__Ltext35                             text35       0000
__Ltext36                             text36       0000
__Ltext38                             text38       0000
__Ltext39                             text39       0000
__Ltext4                              text4        0000
__Ltext40                             text40       0000
__Ltext5                              text5        0000
__Ltext6                              text6        0000
__Ltext7                              text7        0000
__Ltext8                              text8        0000
__Ltext9                              text9        0000
__S0                                  (abs)        2634
__S1                                  (abs)        0487
__S2                                  (abs)        0800
__S4                                  (abs)        0000
__S5                                  (abs)        0000
__SRAMmerge                           text8        1B8A
__SRAMmerge@pSegA                     cstackCOMRAM 0021
__SRAMmerge@pSegB                     cstackCOMRAM 0024
__SRAMmerge@uSegA                     cstackCOMRAM 0027
__SRAMmerge@uSegB                     cstackCOMRAM 0028
__SRAMmerge@uSum                      cstackCOMRAM 0026
___awmod                              text22       1D1A
___awmod@counter                      cstackBANK1  01A0
___awmod@dividend                     cstackBANK1  019C
___awmod@divisor                      cstackBANK1  019E
___awmod@sign                         cstackBANK1  01A1
___heap_hi                            (abs)        0000
___heap_lo                            (abs)        0000
___inthi_sp                           stack        0644
___inthi_stack_hi                     stack        0800
___inthi_stack_lo                     stack        0644
___intlo_sp                           stack        0800
___lldiv                              text27       1DCA
___lldiv@counter                      cstackBANK1  0180
___lldiv@dividend                     cstackCOMRAM 0038
___lldiv@divisor                      cstackCOMRAM 003C
___lldiv@quotient                     cstackBANK1  017C
___param_bank                         (abs)        0000
___rparam_used                        (abs)        0001
___sp                                 stack        0487
___stack_hi                           stack        0644
___stack_lo                           stack        0487
__accesstop                           (abs)        0060
__activetblptr                        (abs)        0002
__end_of_INTERRUPT_Handler            intcode_body 1106
__end_of_SRAMInitHeap                 text14       2326
__end_of_SRAMalloc                    text7        1896
__end_of__SRAMmerge                   text8        1C62
__end_of___awmod                      text22       1DCA
__end_of___lldiv                      text27       1E70
__end_of__initialization              cinit        24F6
__end_of_adc_init                     text9        2606
__end_of_adc_read                     text26       24CA
__end_of_config_timer0                text13       25E6
__end_of_create_pipe                  text4        21D2
__end_of_create_task                  text12       23E0
__end_of_decrease_time                text40       20C6
__end_of_delay                        text23       13A8
__end_of_ext_int_init                 text3        2556
__end_of_idle                         text36       262A
__end_of_interrupt_user               text38       238A
__end_of_main                         text0        25F6
__end_of_mutex_init                   text6        257E
__end_of_mutex_lock                   text21       0B1E
__end_of_mutex_unlock                 text20       19AC
__end_of_os_init                      text11       25A6
__end_of_os_start                     text1        2622
__end_of_priority_scheduler           text25       1B8A
__end_of_pwm_init                     text32       25CA
__end_of_pwm_set_duty                 text31       2252
__end_of_read_pipe                    text29       1FA8
__end_of_remove_task                  text35       1A9E
__end_of_scheduler                    text24       2630
__end_of_sem_init                     text5        252E
__end_of_sem_post                     text19       1F0C
__end_of_sem_wait                     text18       0E1A
__end_of_start_timer0                 text10       2634
__end_of_tarefa_acelerador            text15       1778
__end_of_tarefa_controle_central      text28       2488
__end_of_tarefa_controle_estabilidade text33       2038
__end_of_tarefa_injecao_eletronica    text30       2150
__end_of_user_config                  text2        22C0
__end_of_write_pipe                   text17       1D1A
__end_of_yield                        text34       162A
__end_ofi1_adc_init                   text16       2616
__end_ofi2_create_task                text39       2436
__initialization                      cinit        24CA
__mediumconst                         smallconst   0800
__pbssBANK1                           bssBANK1     0100
__pbssBIGRAM                          bssBIGRAM    026C
__pbssCOMRAM                          bssCOMRAM    0040
__pcinit                              cinit        24CA
__pcstackBANK0                        cstackBANK0  0060
__pcstackBANK1                        cstackBANK1  017C
__pcstackBANK2                        cstackBANK2  0200
__pcstackCOMRAM                       cstackCOMRAM 0021
__pintcode                            intcode      0008
__pintcode_body                       intcode_body 0E1A
__psmallconst                         smallconst   0800
__ptext0                              text0        25E6
__ptext1                              text1        2616
__ptext10                             text10       2630
__ptext11                             text11       257E
__ptext12                             text12       238A
__ptext13                             text13       25CA
__ptext14                             text14       22C0
__ptext15                             text15       162A
__ptext16                             text16       2606
__ptext17                             text17       1C62
__ptext18                             text18       0B1E
__ptext19                             text19       1E70
__ptext2                              text2        2252
__ptext20                             text20       1896
__ptext21                             text21       0802
__ptext22                             text22       1D1A
__ptext23                             text23       1106
__ptext24                             text24       262A
__ptext25                             text25       1A9E
__ptext26                             text26       2488
__ptext27                             text27       1DCA
__ptext28                             text28       2436
__ptext29                             text29       1F0C
__ptext3                              text3        252E
__ptext30                             text30       20C6
__ptext31                             text31       21D2
__ptext32                             text32       25A6
__ptext33                             text33       1FA8
__ptext34                             text34       13A8
__ptext35                             text35       19AC
__ptext36                             text36       2622
__ptext38                             text38       2326
__ptext39                             text39       23E0
__ptext4                              text4        2150
__ptext40                             text40       2038
__ptext5                              text5        2500
__ptext6                              text6        2556
__ptext7                              text7        1778
__ptext8                              text8        1B8A
__ptext9                              text9        25F6
__ramtop                              ramtop       0800
__smallconst                          smallconst   0800
__uDynamicHeap                        bssBANK1     0109
_acelerador_pipe                      bssBANK1     0159
_adc_init                             text9        25F6
_adc_read                             text26       2488
_config_timer0                        text13       25CA
_create_pipe                          text4        2150
_create_task                          text12       238A
_decrease_time                        text40       2038
_delay                                text23       1106
_ext_int_init                         text3        252E
_freio_acionado                       bssBANK1     0108
_idle                                 text36       2622
_injecao_mutex                        bssBANK1     0175
_interrupt_user                       text38       2326
_main                                 text0        25E6
_mutex_init                           text6        2556
_mutex_lock                           text21       0802
_mutex_unlock                         text20       1896
_os_init                              text11       257E
_os_start                             text1        2616
_priority_scheduler                   text25       1A9E
_pwm_duty                             bssCOMRAM    0040
_pwm_init                             text32       25A6
_pwm_set_duty                         text31       21D2
_r_queue                              bssBIGRAM    026C
_read_pipe                            text29       1F0C
_remove_task                          text35       19AC
_scheduler                            text24       262A
_sem_init                             text5        2500
_sem_post                             text19       1E70
_sem_wait                             text18       0B1E
_start_timer0                         text10       2630
_tarefa_acelerador                    text15       162A
_tarefa_controle_central              text28       2436
_tarefa_controle_estabilidade         text33       1FA8
_tarefa_estabilidade_ativa            bssCOMRAM    0046
_tarefa_injecao_eletronica            text30       20C6
_tempo_injecao                        bssBANK1     0106
_user_config                          text2        2252
_write_pipe                           text17       1C62
_yield                                text34       13A8
adc_read@channel                      cstackCOMRAM 003C
btemp                                 temp         0001
create_pipe@p                         cstackCOMRAM 0034
create_pipe@size                      cstackCOMRAM 0036
create_task@id                        cstackBANK2  0200
create_task@new_task                  cstackBANK2  0201
create_task@priority                  cstackCOMRAM 0021
create_task@task                      cstackCOMRAM 0022
decrease_time@i                       cstackCOMRAM 0023
delay@time                            cstackBANK1  01B8
end_of_initialization                 cinit        24F6
ext_int_init@edge                     cstackCOMRAM 0021
ext_int_init@int_pin                  cstackCOMRAM 0022
i1_adc_init                           text16       2606
i2_create_task                        text39       23E0
i2create_task@id                      cstackBANK0  0060
i2create_task@new_task                cstackBANK0  0061
i2create_task@priority                cstackCOMRAM 0021
i2create_task@task                    cstackCOMRAM 0022
int_func                              intcode_body 0E1A
intlevel0                             text         0000
intlevel1                             text         0000
intlevel2                             text         0000
intlevel3                             text         0000
isa$std                               (abs)        0001
isa$xinst                             (abs)        0000
lltemp0                               temp         0001
lltemp1                               temp         0009
lltemp2                               temp         0011
lltemp3                               temp         0019
ltemp0                                temp         0001
ltemp1                                temp         0005
ltemp2                                temp         0009
mutex_init@m                          cstackCOMRAM 0021
mutex_lock@m                          cstackBANK1  01B8
mutex_unlock@i                        cstackBANK1  01BF
mutex_unlock@m                        cstackBANK1  01B8
mutex_unlock@next_task                cstackBANK1  01BE
pwm_init@channel                      cstackBANK1  01AD
pwm_set_duty@channel                  cstackBANK1  01B1
pwm_set_duty@duty                     cstackBANK1  01AD
pwm_set_duty@max_duty                 cstackBANK1  01B2
read_pipe@data                        cstackBANK1  01A7
read_pipe@p                           cstackBANK1  01A5
remove_task@i                         cstackBANK1  01C0
remove_task@j                         cstackBANK1  01C1
remove_task@task                      cstackBANK1  01B8
sem_init@sem                          cstackCOMRAM 0021
sem_init@value                        cstackCOMRAM 0023
sem_post@sem                          cstackBANK1  019C
sem_wait@sem                          cstackBANK1  019C
stackhi                               (abs)        07FF
stacklo                               (abs)        0487
start                                 init         000C
start_initialization                  cinit        24CA
tarefa_acelerador@F3469               bssBANK1     0100
tarefa_acelerador@indice              cstackBANK1  019B
tarefa_acelerador@leituras            cstackBANK1  018E
tarefa_acelerador@posicao_pedal       cstackBANK1  0199
tarefa_acelerador@soma                cstackBANK1  0195
tarefa_acelerador@valor_enviar        cstackBANK1  0194
tarefa_controle_central@posicao_pedal cstackBANK1  01AC
tarefa_injecao_eletronica@tempo       cstackBANK1  01B6
ttemp0                                temp         0001
ttemp1                                temp         0004
ttemp2                                temp         0007
ttemp3                                temp         000A
ttemp5                                temp         0002
ttemp6                                temp         0005
ttemp7                                temp         0009
write_pipe@data                       cstackCOMRAM 003A
write_pipe@p                          cstackCOMRAM 0038
wtemp0                                temp         0001
wtemp1                                temp         0003
wtemp2                                temp         0005
wtemp3                                temp         0007
wtemp4                                temp         0009
wtemp5                                temp         000B
wtemp8                                temp         0002


MODULE INFORMATION

Module		Function		Class		Link	Load	Size
io.c
		_pwm_set_duty  		CODE           	21D2	0000	128
		_ext_int_init  		CODE           	252E	0000	40
		_adc_read      		CODE           	2488	0000	66
		_pwm_init      		CODE           	25A6	0000	36
		_adc_init      		CODE           	25F6	0000	16

io.c estimated size: 286

timer.c
		_INTERRUPT_Handler		CODE           	0008	0000	752
		_start_timer0  		CODE           	2630	0000	4
		_config_timer0 		CODE           	25CA	0000	28

timer.c estimated size: 784

C:\Program Files\Microchip\xc8\v3.00\pic\sources\c99\common\awmod.c
		___awmod       		CODE           	1D1A	0000	176

C:\Program Files\Microchip\xc8\v3.00\pic\sources\c99\common\awmod.c estimated size: 176

C:\Program Files\Microchip\xc8\v3.00\pic\sources\c99\common\__lldiv.c
		___lldiv       		CODE           	1DCA	0000	166

C:\Program Files\Microchip\xc8\v3.00\pic\sources\c99\common\__lldiv.c estimated size: 166

kernel.c
		_delay         		CODE           	1106	0000	674
		_remove_task   		CODE           	19AC	0000	242
		_create_task   		CODE           	238A	0000	86
		_decrease_time 		CODE           	2038	0000	142
		_yield         		CODE           	13A8	0000	642
		_os_start      		CODE           	2616	0000	12
		_idle          		CODE           	2622	0000	8
		_os_init       		CODE           	257E	0000	40

kernel.c estimated size: 1846

mem.c
		__SRAMmerge    		CODE           	1B8A	0000	216
		_SRAMalloc     		CODE           	1778	0000	286
		_SRAMInitHeap  		CODE           	22C0	0000	102

mem.c estimated size: 604

shared
		i1_adc_init    		CODE           	2606	0000	16
		i2_create_task 		CODE           	23E0	0000	86
		__initialization		CODE           	24CA	0000	44

shared estimated size: 146

pipe.c
		_read_pipe     		CODE           	1F0C	0000	156
		_create_pipe   		CODE           	2150	0000	130
		_write_pipe    		CODE           	1C62	0000	184

pipe.c estimated size: 470

scheduler.c
		_priority_scheduler		CODE           	1A9E	0000	236
		_scheduler     		CODE           	262A	0000	6

scheduler.c estimated size: 242

sync.c
		_mutex_lock    		CODE           	0802	0000	796
		_mutex_unlock  		CODE           	1896	0000	278
		_sem_wait      		CODE           	0B1E	0000	764
		_sem_init      		CODE           	2500	0000	46
		_sem_post      		CODE           	1E70	0000	156
		_mutex_init    		CODE           	2556	0000	40

sync.c estimated size: 2080

main.c
		_main          		CODE           	25E6	0000	16

main.c estimated size: 16

user_app.c
		_tarefa_controle_central		CODE           	2436	0000	82
		_tarefa_controle_estabilidade		CODE           	1FA8	0000	144
		_tarefa_acelerador		CODE           	162A	0000	334
		_tarefa_injecao_eletronica		CODE           	20C6	0000	138
		_user_config   		CODE           	2252	0000	110
		_interrupt_user		CODE           	2326	0000	100

user_app.c estimated size: 908

