This is pdfTeX, Version 3.141592653-2.6-1.40.26 (TeX Live 2025/dev/Debian) (preloaded format=pdflatex 2026.5.27)  30 JUN 2026 16:27
entering extended mode
 restricted \write18 enabled.
 %&-line parsing enabled.
**Trabalho_3_Projeto_Controladores_Igor_20103930.tex
(./Trabalho_3_Projeto_Controladores_Igor_20103930.tex
LaTeX2e <2024-11-01> patch level 2
L3 programming layer <2025-01-18>
(/usr/share/texlive/texmf-dist/tex/latex/base/article.cls
Document Class: article 2024/06/29 v1.4n Standard LaTeX document class
(/usr/share/texlive/texmf-dist/tex/latex/base/size11.clo
File: size11.clo 2024/06/29 v1.4n Standard LaTeX file (size option)
)
\c@part=\count196
\c@section=\count197
\c@subsection=\count198
\c@subsubsection=\count199
\c@paragraph=\count266
\c@subparagraph=\count267
\c@figure=\count268
\c@table=\count269
\abovecaptionskip=\skip49
\belowcaptionskip=\skip50
\bibindent=\dimen141
)
(/usr/share/texlive/texmf-dist/tex/latex/base/inputenc.sty
Package: inputenc 2024/02/08 v1.3d Input encoding file
\inpenc@prehook=\toks17
\inpenc@posthook=\toks18
)
(/usr/share/texlive/texmf-dist/tex/latex/base/fontenc.sty
Package: fontenc 2021/04/29 v2.0v Standard LaTeX package
)
(/usr/share/texlive/texmf-dist/tex/generic/babel/babel.sty
Package: babel 2025/02/14 v25.4 The multilingual framework for pdfLaTeX, LuaLaT
eX and XeLaTeX
\babel@savecnt=\count270
\U@D=\dimen142
\l@unhyphenated=\language4

(/usr/share/texlive/texmf-dist/tex/generic/babel/txtbabel.def)
\bbl@readstream=\read2
\bbl@dirlevel=\count271

(/usr/share/texlive/texmf-dist/tex/generic/babel-portuges/brazil.ldf
Language: portuges 2021/07/09 v1.2t Portuguese support from the babel system
Package babel Info: Hyphen rules for 'brazil' set to \l@portuguese
(babel)             (\language3). Reported on input line 111.
Package babel Info: Making " an active character on input line 143.
))
(/usr/share/texlive/texmf-dist/tex/latex/geometry/geometry.sty
Package: geometry 2020/01/02 v5.9 Page Geometry

(/usr/share/texlive/texmf-dist/tex/latex/graphics/keyval.sty
Package: keyval 2022/05/29 v1.15 key=value parser (DPC)
\KV@toks@=\toks19
)
(/usr/share/texlive/texmf-dist/tex/generic/iftex/ifvtex.sty
Package: ifvtex 2019/10/25 v1.7 ifvtex legacy package. Use iftex instead.

(/usr/share/texlive/texmf-dist/tex/generic/iftex/iftex.sty
Package: iftex 2024/12/12 v1.0g TeX engine tests
))
\Gm@cnth=\count272
\Gm@cntv=\count273
\c@Gm@tempcnt=\count274
\Gm@bindingoffset=\dimen143
\Gm@wd@mp=\dimen144
\Gm@odd@mp=\dimen145
\Gm@even@mp=\dimen146
\Gm@layoutwidth=\dimen147
\Gm@layoutheight=\dimen148
\Gm@layouthoffset=\dimen149
\Gm@layoutvoffset=\dimen150
\Gm@dimlist=\toks20
)
(/usr/share/texlive/texmf-dist/tex/latex/amsmath/amsmath.sty
Package: amsmath 2024/11/05 v2.17t AMS math features
\@mathmargin=\skip51

For additional information on amsmath, use the `?' option.
(/usr/share/texlive/texmf-dist/tex/latex/amsmath/amstext.sty
Package: amstext 2021/08/26 v2.01 AMS text

(/usr/share/texlive/texmf-dist/tex/latex/amsmath/amsgen.sty
File: amsgen.sty 1999/11/30 v2.0 generic functions
\@emptytoks=\toks21
\ex@=\dimen151
))
(/usr/share/texlive/texmf-dist/tex/latex/amsmath/amsbsy.sty
Package: amsbsy 1999/11/29 v1.2d Bold Symbols
\pmbraise@=\dimen152
)
(/usr/share/texlive/texmf-dist/tex/latex/amsmath/amsopn.sty
Package: amsopn 2022/04/08 v2.04 operator names
)
\inf@bad=\count275
LaTeX Info: Redefining \frac on input line 233.
\uproot@=\count276
\leftroot@=\count277
LaTeX Info: Redefining \overline on input line 398.
LaTeX Info: Redefining \colon on input line 409.
\classnum@=\count278
\DOTSCASE@=\count279
LaTeX Info: Redefining \ldots on input line 495.
LaTeX Info: Redefining \dots on input line 498.
LaTeX Info: Redefining \cdots on input line 619.
\Mathstrutbox@=\box52
\strutbox@=\box53
LaTeX Info: Redefining \big on input line 721.
LaTeX Info: Redefining \Big on input line 722.
LaTeX Info: Redefining \bigg on input line 723.
LaTeX Info: Redefining \Bigg on input line 724.
\big@size=\dimen153
LaTeX Font Info:    Redeclaring font encoding OML on input line 742.
LaTeX Font Info:    Redeclaring font encoding OMS on input line 743.
\macc@depth=\count280
LaTeX Info: Redefining \bmod on input line 904.
LaTeX Info: Redefining \pmod on input line 909.
LaTeX Info: Redefining \smash on input line 939.
LaTeX Info: Redefining \relbar on input line 969.
LaTeX Info: Redefining \Relbar on input line 970.
\c@MaxMatrixCols=\count281
\dotsspace@=\muskip17
\c@parentequation=\count282
\dspbrk@lvl=\count283
\tag@help=\toks22
\row@=\count284
\column@=\count285
\maxfields@=\count286
\andhelp@=\toks23
\eqnshift@=\dimen154
\alignsep@=\dimen155
\tagshift@=\dimen156
\tagwidth@=\dimen157
\totwidth@=\dimen158
\lineht@=\dimen159
\@envbody=\toks24
\multlinegap=\skip52
\multlinetaggap=\skip53
\mathdisplay@stack=\toks25
LaTeX Info: Redefining \[ on input line 2953.
LaTeX Info: Redefining \] on input line 2954.
)
(/usr/share/texlive/texmf-dist/tex/latex/amsfonts/amssymb.sty
Package: amssymb 2013/01/14 v3.01 AMS font symbols

(/usr/share/texlive/texmf-dist/tex/latex/amsfonts/amsfonts.sty
Package: amsfonts 2013/01/14 v3.01 Basic AMSFonts support
\symAMSa=\mathgroup4
\symAMSb=\mathgroup5
LaTeX Font Info:    Redeclaring math symbol \hbar on input line 98.
LaTeX Font Info:    Overwriting math alphabet `\mathfrak' in version `bold'
(Font)                  U/euf/m/n --> U/euf/b/n on input line 106.
))
(/usr/share/texlive/texmf-dist/tex/latex/graphics/graphicx.sty
Package: graphicx 2021/09/16 v1.2d Enhanced LaTeX Graphics (DPC,SPQR)

(/usr/share/texlive/texmf-dist/tex/latex/graphics/graphics.sty
Package: graphics 2024/08/06 v1.4g Standard LaTeX Graphics (DPC,SPQR)

(/usr/share/texlive/texmf-dist/tex/latex/graphics/trig.sty
Package: trig 2023/12/02 v1.11 sin cos tan (DPC)
)
(/usr/share/texlive/texmf-dist/tex/latex/graphics-cfg/graphics.cfg
File: graphics.cfg 2016/06/04 v1.11 sample graphics configuration
)
Package graphics Info: Driver file: pdftex.def on input line 106.

(/usr/share/texlive/texmf-dist/tex/latex/graphics-def/pdftex.def
File: pdftex.def 2024/04/13 v1.2c Graphics/color driver for pdftex
))
\Gin@req@height=\dimen160
\Gin@req@width=\dimen161
)
(/usr/share/texlive/texmf-dist/tex/latex/caption/subcaption.sty
Package: subcaption 2023/07/28 v1.6b Sub-captions (AR)

(/usr/share/texlive/texmf-dist/tex/latex/caption/caption.sty
Package: caption 2023/08/05 v3.6o Customizing captions (AR)

(/usr/share/texlive/texmf-dist/tex/latex/caption/caption3.sty
Package: caption3 2023/07/31 v2.4d caption3 kernel (AR)
\caption@tempdima=\dimen162
\captionmargin=\dimen163
\caption@leftmargin=\dimen164
\caption@rightmargin=\dimen165
\caption@width=\dimen166
\caption@indent=\dimen167
\caption@parindent=\dimen168
\caption@hangindent=\dimen169
Package caption Info: Standard document class detected.
)
\c@caption@flags=\count287
\c@continuedfloat=\count288
)
Package caption Info: New subtype `subfigure' on input line 238.
\c@subfigure=\count289
Package caption Info: New subtype `subtable' on input line 238.
\c@subtable=\count290
)
(/usr/share/texlive/texmf-dist/tex/latex/hyperref/hyperref.sty
Package: hyperref 2024-11-05 v7.01l Hypertext links for LaTeX

(/usr/share/texlive/texmf-dist/tex/latex/kvsetkeys/kvsetkeys.sty
Package: kvsetkeys 2022-10-05 v1.19 Key value parser (HO)
)
(/usr/share/texlive/texmf-dist/tex/generic/kvdefinekeys/kvdefinekeys.sty
Package: kvdefinekeys 2019-12-19 v1.6 Define keys (HO)
)
(/usr/share/texlive/texmf-dist/tex/generic/pdfescape/pdfescape.sty
Package: pdfescape 2019/12/09 v1.15 Implements pdfTeX's escape features (HO)

(/usr/share/texlive/texmf-dist/tex/generic/ltxcmds/ltxcmds.sty
Package: ltxcmds 2023-12-04 v1.26 LaTeX kernel commands for general use (HO)
)
(/usr/share/texlive/texmf-dist/tex/generic/pdftexcmds/pdftexcmds.sty
Package: pdftexcmds 2020-06-27 v0.33 Utility functions of pdfTeX for LuaTeX (HO
)

(/usr/share/texlive/texmf-dist/tex/generic/infwarerr/infwarerr.sty
Package: infwarerr 2019/12/03 v1.5 Providing info/warning/error messages (HO)
)
Package pdftexcmds Info: \pdf@primitive is available.
Package pdftexcmds Info: \pdf@ifprimitive is available.
Package pdftexcmds Info: \pdfdraftmode found.
))
(/usr/share/texlive/texmf-dist/tex/latex/hycolor/hycolor.sty
Package: hycolor 2020-01-27 v1.10 Color options for hyperref/bookmark (HO)
)
(/usr/share/texlive/texmf-dist/tex/latex/hyperref/nameref.sty
Package: nameref 2023-11-26 v2.56 Cross-referencing by name of section

(/usr/share/texlive/texmf-dist/tex/latex/refcount/refcount.sty
Package: refcount 2019/12/15 v3.6 Data extraction from label references (HO)
)
(/usr/share/texlive/texmf-dist/tex/generic/gettitlestring/gettitlestring.sty
Package: gettitlestring 2019/12/15 v1.6 Cleanup title references (HO)

(/usr/share/texlive/texmf-dist/tex/latex/kvoptions/kvoptions.sty
Package: kvoptions 2022-06-15 v3.15 Key value format for package options (HO)
))
\c@section@level=\count291
)
(/usr/share/texlive/texmf-dist/tex/latex/etoolbox/etoolbox.sty
Package: etoolbox 2025/02/11 v2.5l e-TeX tools for LaTeX (JAW)
\etb@tempcnta=\count292
)
(/usr/share/texlive/texmf-dist/tex/generic/stringenc/stringenc.sty
Package: stringenc 2019/11/29 v1.12 Convert strings between diff. encodings (HO
)
)
\@linkdim=\dimen170
\Hy@linkcounter=\count293
\Hy@pagecounter=\count294

(/usr/share/texlive/texmf-dist/tex/latex/hyperref/pd1enc.def
File: pd1enc.def 2024-11-05 v7.01l Hyperref: PDFDocEncoding definition (HO)
Now handling font encoding PD1 ...
... no UTF-8 mapping file for font encoding PD1
)
(/usr/share/texlive/texmf-dist/tex/generic/intcalc/intcalc.sty
Package: intcalc 2019/12/15 v1.3 Expandable calculations with integers (HO)
)
\Hy@SavedSpaceFactor=\count295

(/usr/share/texlive/texmf-dist/tex/latex/hyperref/puenc.def
File: puenc.def 2024-11-05 v7.01l Hyperref: PDF Unicode definition (HO)
Now handling font encoding PU ...
... no UTF-8 mapping file for font encoding PU
)
Package hyperref Info: Hyper figures OFF on input line 4157.
Package hyperref Info: Link nesting OFF on input line 4162.
Package hyperref Info: Hyper index ON on input line 4165.
Package hyperref Info: Plain pages OFF on input line 4172.
Package hyperref Info: Backreferencing OFF on input line 4177.
Package hyperref Info: Implicit mode ON; LaTeX internals redefined.
Package hyperref Info: Bookmarks ON on input line 4424.
\c@Hy@tempcnt=\count296

(/usr/share/texlive/texmf-dist/tex/latex/url/url.sty
\Urlmuskip=\muskip18
Package: url 2013/09/16  ver 3.4  Verb mode for urls, etc.
)
LaTeX Info: Redefining \url on input line 4763.
\XeTeXLinkMargin=\dimen171

(/usr/share/texlive/texmf-dist/tex/generic/bitset/bitset.sty
Package: bitset 2019/12/09 v1.3 Handle bit-vector datatype (HO)

(/usr/share/texlive/texmf-dist/tex/generic/bigintcalc/bigintcalc.sty
Package: bigintcalc 2019/12/15 v1.5 Expandable calculations on big integers (HO
)
))
\Fld@menulength=\count297
\Field@Width=\dimen172
\Fld@charsize=\dimen173
Package hyperref Info: Hyper figures OFF on input line 6042.
Package hyperref Info: Link nesting OFF on input line 6047.
Package hyperref Info: Hyper index ON on input line 6050.
Package hyperref Info: backreferencing OFF on input line 6057.
Package hyperref Info: Link coloring OFF on input line 6062.
Package hyperref Info: Link coloring with OCG OFF on input line 6067.
Package hyperref Info: PDF/A mode OFF on input line 6072.

(/usr/share/texlive/texmf-dist/tex/latex/base/atbegshi-ltx.sty
Package: atbegshi-ltx 2021/01/10 v1.0c Emulation of the original atbegshi
package with kernel methods
)
\Hy@abspage=\count298
\c@Item=\count299
\c@Hfootnote=\count300
)
Package hyperref Info: Driver (autodetected): hpdftex.

(/usr/share/texlive/texmf-dist/tex/latex/hyperref/hpdftex.def
File: hpdftex.def 2024-11-05 v7.01l Hyperref driver for pdfTeX

(/usr/share/texlive/texmf-dist/tex/latex/base/atveryend-ltx.sty
Package: atveryend-ltx 2020/08/19 v1.0a Emulation of the original atveryend pac
kage
with kernel methods
)
\Fld@listcount=\count301
\c@bookmark@seq@number=\count302

(/usr/share/texlive/texmf-dist/tex/latex/rerunfilecheck/rerunfilecheck.sty
Package: rerunfilecheck 2022-07-10 v1.10 Rerun checks for auxiliary files (HO)

(/usr/share/texlive/texmf-dist/tex/generic/uniquecounter/uniquecounter.sty
Package: uniquecounter 2019/12/15 v1.4 Provide unlimited unique counter (HO)
)
Package uniquecounter Info: New unique counter `rerunfilecheck' on input line 2
85.
)
\Hy@SectionHShift=\skip54
)
(/usr/share/texlive/texmf-dist/tex/latex/enumitem/enumitem.sty
Package: enumitem 2025/02/06 v3.11 Customized lists
\labelindent=\skip55
\enit@outerparindent=\dimen174
\enit@toks=\toks26
\enit@inbox=\box54
\enit@count@id=\count303
\enitdp@description=\count304
)
(/usr/share/texlive/texmf-dist/tex/latex/booktabs/booktabs.sty
Package: booktabs 2020/01/12 v1.61803398 Publication quality tables
\heavyrulewidth=\dimen175
\lightrulewidth=\dimen176
\cmidrulewidth=\dimen177
\belowrulesep=\dimen178
\belowbottomsep=\dimen179
\aboverulesep=\dimen180
\abovetopsep=\dimen181
\cmidrulesep=\dimen182
\cmidrulekern=\dimen183
\defaultaddspace=\dimen184
\@cmidla=\count305
\@cmidlb=\count306
\@aboverulesep=\dimen185
\@belowrulesep=\dimen186
\@thisruleclass=\count307
\@lastruleclass=\count308
\@thisrulewidth=\dimen187
)
(/usr/share/texlive/texmf-dist/tex/latex/float/float.sty
Package: float 2001/11/08 v1.3d Float enhancements (AL)
\c@float@type=\count309
\float@exts=\toks27
\float@box=\box55
\@float@everytoks=\toks28
\@floatcapt=\box56
)
Package hyperref Info: Option `colorlinks' set `true' on input line 22.

(/usr/share/texlive/texmf-dist/tex/latex/l3backend/l3backend-pdftex.def
File: l3backend-pdftex.def 2024-05-08 L3 backend support: PDF output (pdfTeX)
\l__color_backend_stack_int=\count310
\l__pdf_internal_box=\box57
)
(./Trabalho_3_Projeto_Controladores_Igor_20103930.aux)
\openout1 = `Trabalho_3_Projeto_Controladores_Igor_20103930.aux'.

LaTeX Font Info:    Checking defaults for OML/cmm/m/it on input line 33.
LaTeX Font Info:    ... okay on input line 33.
LaTeX Font Info:    Checking defaults for OMS/cmsy/m/n on input line 33.
LaTeX Font Info:    ... okay on input line 33.
LaTeX Font Info:    Checking defaults for OT1/cmr/m/n on input line 33.
LaTeX Font Info:    ... okay on input line 33.
LaTeX Font Info:    Checking defaults for T1/cmr/m/n on input line 33.
LaTeX Font Info:    ... okay on input line 33.
LaTeX Font Info:    Checking defaults for TS1/cmr/m/n on input line 33.
LaTeX Font Info:    ... okay on input line 33.
LaTeX Font Info:    Checking defaults for OMX/cmex/m/n on input line 33.
LaTeX Font Info:    ... okay on input line 33.
LaTeX Font Info:    Checking defaults for U/cmr/m/n on input line 33.
LaTeX Font Info:    ... okay on input line 33.
LaTeX Font Info:    Checking defaults for PD1/pdf/m/n on input line 33.
LaTeX Font Info:    ... okay on input line 33.
LaTeX Font Info:    Checking defaults for PU/pdf/m/n on input line 33.
LaTeX Font Info:    ... okay on input line 33.

*geometry* driver: auto-detecting
*geometry* detected driver: pdftex
*geometry* verbose mode - [ preamble ] result:
* driver: pdftex
* paper: a4paper
* layout: <same size as paper>
* layoutoffset:(h,v)=(0.0pt,0.0pt)
* modes: 
* h-part:(L,W,R)=(62.59596pt, 472.31595pt, 62.59596pt)
* v-part:(T,H,B)=(62.59596pt, 719.85492pt, 62.59596pt)
* \paperwidth=597.50787pt
* \paperheight=845.04684pt
* \textwidth=472.31595pt
* \textheight=719.85492pt
* \oddsidemargin=-9.67403pt
* \evensidemargin=-9.67403pt
* \topmargin=-46.67403pt
* \headheight=12.0pt
* \headsep=25.0pt
* \topskip=11.0pt
* \footskip=30.0pt
* \marginparwidth=50.0pt
* \marginparsep=10.0pt
* \columnsep=10.0pt
* \skip\footins=10.0pt plus 4.0pt minus 2.0pt
* \hoffset=0.0pt
* \voffset=0.0pt
* \mag=1000
* \@twocolumnfalse
* \@twosidefalse
* \@mparswitchfalse
* \@reversemarginfalse
* (1in=72.27pt=25.4mm, 1cm=28.453pt)

(/usr/share/texlive/texmf-dist/tex/context/base/mkii/supp-pdf.mkii
[Loading MPS to PDF converter (version 2006.09.02).]
\scratchcounter=\count311
\scratchdimen=\dimen188
\scratchbox=\box58
\nofMPsegments=\count312
\nofMParguments=\count313
\everyMPshowfont=\toks29
\MPscratchCnt=\count314
\MPscratchDim=\dimen189
\MPnumerator=\count315
\makeMPintoPDFobject=\count316
\everyMPtoPDFconversion=\toks30
) (/usr/share/texlive/texmf-dist/tex/latex/epstopdf-pkg/epstopdf-base.sty
Package: epstopdf-base 2020-01-24 v2.11 Base part for package epstopdf
Package epstopdf-base Info: Redefining graphics rule for `.eps' on input line 4
85.

(/usr/share/texlive/texmf-dist/tex/latex/latexconfig/epstopdf-sys.cfg
File: epstopdf-sys.cfg 2010/07/13 v1.3 Configuration of (r)epstopdf for TeX Liv
e
))
Package caption Info: Begin \AtBeginDocument code.
Package caption Info: float package is loaded.
Package caption Info: hyperref package is loaded.
Package caption Info: End \AtBeginDocument code.

(/usr/share/texlive/texmf-dist/tex/latex/graphics/color.sty
Package: color 2024/06/23 v1.3e Standard LaTeX Color (DPC)

(/usr/share/texlive/texmf-dist/tex/latex/graphics-cfg/color.cfg
File: color.cfg 2016/01/02 v1.6 sample color configuration
)
Package color Info: Driver file: pdftex.def on input line 149.

(/usr/share/texlive/texmf-dist/tex/latex/graphics/mathcolor.ltx))
Package hyperref Info: Link coloring ON on input line 33.

(./Trabalho_3_Projeto_Controladores_Igor_20103930.out)
(./Trabalho_3_Projeto_Controladores_Igor_20103930.out)
\@outlinefile=\write3
\openout3 = `Trabalho_3_Projeto_Controladores_Igor_20103930.out'.

LaTeX Font Info:    Trying to load font information for U+msa on input line 35.


(/usr/share/texlive/texmf-dist/tex/latex/amsfonts/umsa.fd
File: umsa.fd 2013/01/14 v3.01 AMS symbols A
)
LaTeX Font Info:    Trying to load font information for U+msb on input line 35.


(/usr/share/texlive/texmf-dist/tex/latex/amsfonts/umsb.fd
File: umsb.fd 2013/01/14 v3.01 AMS symbols B
)

[1

{/var/lib/texmf/fonts/map/pdftex/updmap/pdftex.map}]
<figuras/q1_degrau.png, id=32, 534.798pt x 317.988pt>
File: figuras/q1_degrau.png Graphic file (type png)
<use figuras/q1_degrau.png>
Package pdftex.def Info: figuras/q1_degrau.png  used on input line 114.
(pdftex.def)             Requested size: 226.70963pt x 134.80103pt.
<figuras/q1_polos.png, id=34, 787.743pt x 321.87946pt>
File: figuras/q1_polos.png Graphic file (type png)
<use figuras/q1_polos.png>
Package pdftex.def Info: figuras/q1_polos.png  used on input line 118.
(pdftex.def)             Requested size: 226.70963pt x 92.63539pt.
<figuras/q1_lgr.png, id=35, 498.663pt x 317.988pt>
File: figuras/q1_lgr.png Graphic file (type png)
<use figuras/q1_lgr.png>
Package pdftex.def Info: figuras/q1_lgr.png  used on input line 138.
(pdftex.def)             Requested size: 226.70963pt x 144.56831pt.
<figuras/q1_comparacao.png, id=36, 498.663pt x 281.29707pt>
File: figuras/q1_comparacao.png Graphic file (type png)
<use figuras/q1_comparacao.png>
Package pdftex.def Info: figuras/q1_comparacao.png  used on input line 142.
(pdftex.def)             Requested size: 226.70963pt x 127.88734pt.


[2 <./figuras/q1_degrau.png> <./figuras/q1_polos.png> <./figuras/q1_lgr.png> <.
/figuras/q1_comparacao.png>]
<figuras/q2_degrau.png, id=55, 534.798pt x 317.988pt>
File: figuras/q2_degrau.png Graphic file (type png)
<use figuras/q2_degrau.png>
Package pdftex.def Info: figuras/q2_degrau.png  used on input line 229.
(pdftex.def)             Requested size: 226.70963pt x 134.80103pt.
<figuras/q2_polos.png, id=56, 787.18707pt x 321.87946pt>
File: figuras/q2_polos.png Graphic file (type png)
<use figuras/q2_polos.png>
Package pdftex.def Info: figuras/q2_polos.png  used on input line 233.
(pdftex.def)             Requested size: 226.70963pt x 92.69923pt.


[3]
<figuras/q2_lgr.png, id=73, 498.663pt x 317.988pt>
File: figuras/q2_lgr.png Graphic file (type png)
<use figuras/q2_lgr.png>
Package pdftex.def Info: figuras/q2_lgr.png  used on input line 250.
(pdftex.def)             Requested size: 226.70963pt x 144.56831pt.
<figuras/q2_comparacao.png, id=74, 498.663pt x 281.29707pt>
File: figuras/q2_comparacao.png Graphic file (type png)
<use figuras/q2_comparacao.png>
Package pdftex.def Info: figuras/q2_comparacao.png  used on input line 254.
(pdftex.def)             Requested size: 226.70963pt x 127.88734pt.


[4 <./figuras/q2_degrau.png> <./figuras/q2_polos.png> <./figuras/q2_lgr.png> <.
/figuras/q2_comparacao.png>]
<figuras/q3_degrau.png, id=88, 534.798pt x 317.988pt>
File: figuras/q3_degrau.png Graphic file (type png)
<use figuras/q3_degrau.png>
Package pdftex.def Info: figuras/q3_degrau.png  used on input line 337.
(pdftex.def)             Requested size: 226.70963pt x 134.80103pt.
<figuras/q3_polos.png, id=89, 787.743pt x 321.87946pt>
File: figuras/q3_polos.png Graphic file (type png)
<use figuras/q3_polos.png>
Package pdftex.def Info: figuras/q3_polos.png  used on input line 341.
(pdftex.def)             Requested size: 226.70963pt x 92.63539pt.


[5 <./figuras/q3_degrau.png> <./figuras/q3_polos.png>]
<figuras/q3_lgr.png, id=105, 498.10707pt x 317.988pt>
File: figuras/q3_lgr.png Graphic file (type png)
<use figuras/q3_lgr.png>
Package pdftex.def Info: figuras/q3_lgr.png  used on input line 360.
(pdftex.def)             Requested size: 226.70963pt x 144.73328pt.
<figuras/q3_comparacao.png, id=106, 498.663pt x 281.29707pt>
File: figuras/q3_comparacao.png Graphic file (type png)
<use figuras/q3_comparacao.png>
Package pdftex.def Info: figuras/q3_comparacao.png  used on input line 364.
(pdftex.def)             Requested size: 226.70963pt x 127.88734pt.


[6 <./figuras/q3_lgr.png> <./figuras/q3_comparacao.png>]
<figuras/q4_degrau.png, id=125, 534.798pt x 317.988pt>
File: figuras/q4_degrau.png Graphic file (type png)
<use figuras/q4_degrau.png>
Package pdftex.def Info: figuras/q4_degrau.png  used on input line 447.
(pdftex.def)             Requested size: 226.70963pt x 134.80103pt.
<figuras/q4_erro.png, id=126, 498.663pt x 281.29707pt>
File: figuras/q4_erro.png Graphic file (type png)
<use figuras/q4_erro.png>
Package pdftex.def Info: figuras/q4_erro.png  used on input line 451.
(pdftex.def)             Requested size: 226.70963pt x 127.88734pt.
<figuras/q4_polos.png, id=127, 787.743pt x 321.87946pt>
File: figuras/q4_polos.png Graphic file (type png)
<use figuras/q4_polos.png>
Package pdftex.def Info: figuras/q4_polos.png  used on input line 468.
(pdftex.def)             Requested size: 226.70963pt x 92.63539pt.
<figuras/q4_lgr.png, id=128, 498.10707pt x 317.988pt>
File: figuras/q4_lgr.png Graphic file (type png)
<use figuras/q4_lgr.png>
Package pdftex.def Info: figuras/q4_lgr.png  used on input line 472.
(pdftex.def)             Requested size: 226.70963pt x 144.73328pt.


[7 <./figuras/q4_degrau.png> <./figuras/q4_erro.png>]
<figuras/q4_comparacao.png, id=141, 498.663pt x 281.29707pt>
File: figuras/q4_comparacao.png Graphic file (type png)
<use figuras/q4_comparacao.png>
Package pdftex.def Info: figuras/q4_comparacao.png  used on input line 484.
(pdftex.def)             Requested size: 354.23695pt x 199.82533pt.


[8 <./figuras/q4_polos.png> <./figuras/q4_lgr.png> <./figuras/q4_comparacao.png
>]
<figuras/q5_degrau.png, id=155, 534.798pt x 317.988pt>
File: figuras/q5_degrau.png Graphic file (type png)
<use figuras/q5_degrau.png>
Package pdftex.def Info: figuras/q5_degrau.png  used on input line 571.
(pdftex.def)             Requested size: 226.70963pt x 134.80103pt.
<figuras/q5_polos.png, id=156, 787.743pt x 321.87946pt>
File: figuras/q5_polos.png Graphic file (type png)
<use figuras/q5_polos.png>
Package pdftex.def Info: figuras/q5_polos.png  used on input line 575.
(pdftex.def)             Requested size: 226.70963pt x 92.63539pt.
<figuras/q5_lgr.png, id=157, 498.10707pt x 317.988pt>
File: figuras/q5_lgr.png Graphic file (type png)
<use figuras/q5_lgr.png>
Package pdftex.def Info: figuras/q5_lgr.png  used on input line 593.
(pdftex.def)             Requested size: 226.70963pt x 144.73328pt.
<figuras/q5_comparacao.png, id=158, 498.663pt x 281.29707pt>
File: figuras/q5_comparacao.png Graphic file (type png)
<use figuras/q5_comparacao.png>
Package pdftex.def Info: figuras/q5_comparacao.png  used on input line 597.
(pdftex.def)             Requested size: 226.70963pt x 127.88734pt.


[9 <./figuras/q5_degrau.png> <./figuras/q5_polos.png>]

[10 <./figuras/q5_lgr.png> <./figuras/q5_comparacao.png>]
<figuras/q6_critico.png, id=192, 498.663pt x 281.29707pt>
File: figuras/q6_critico.png Graphic file (type png)
<use figuras/q6_critico.png>
Package pdftex.def Info: figuras/q6_critico.png  used on input line 677.
(pdftex.def)             Requested size: 226.70963pt x 127.88734pt.
<figuras/q6_polos.png, id=193, 787.18707pt x 321.87946pt>
File: figuras/q6_polos.png Graphic file (type png)
<use figuras/q6_polos.png>
Package pdftex.def Info: figuras/q6_polos.png  used on input line 681.
(pdftex.def)             Requested size: 226.70963pt x 92.69923pt.
<figuras/q6_degrau.png, id=194, 534.798pt x 317.988pt>
File: figuras/q6_degrau.png Graphic file (type png)
<use figuras/q6_degrau.png>
Package pdftex.def Info: figuras/q6_degrau.png  used on input line 697.
(pdftex.def)             Requested size: 226.70963pt x 134.80103pt.
<figuras/q6_comparacao.png, id=195, 498.663pt x 281.29707pt>
File: figuras/q6_comparacao.png Graphic file (type png)
<use figuras/q6_comparacao.png>
Package pdftex.def Info: figuras/q6_comparacao.png  used on input line 701.
(pdftex.def)             Requested size: 226.70963pt x 127.88734pt.


[11 <./figuras/q6_critico.png> <./figuras/q6_polos.png> <./figuras/q6_degrau.pn
g> <./figuras/q6_comparacao.png>]
<figuras/q7_degrau.png, id=212, 534.798pt x 317.988pt>
File: figuras/q7_degrau.png Graphic file (type png)
<use figuras/q7_degrau.png>
Package pdftex.def Info: figuras/q7_degrau.png  used on input line 785.
(pdftex.def)             Requested size: 226.70963pt x 134.80103pt.
<figuras/q7_ajuste.png, id=213, 498.663pt x 281.29707pt>
File: figuras/q7_ajuste.png Graphic file (type png)
<use figuras/q7_ajuste.png>
Package pdftex.def Info: figuras/q7_ajuste.png  used on input line 789.
(pdftex.def)             Requested size: 226.70963pt x 127.88734pt.


[12]
<figuras/q7_polos.png, id=228, 787.743pt x 321.87946pt>
File: figuras/q7_polos.png Graphic file (type png)
<use figuras/q7_polos.png>
Package pdftex.def Info: figuras/q7_polos.png  used on input line 806.
(pdftex.def)             Requested size: 226.70963pt x 92.63539pt.
<figuras/q7_lgr.png, id=229, 498.663pt x 317.988pt>
File: figuras/q7_lgr.png Graphic file (type png)
<use figuras/q7_lgr.png>
Package pdftex.def Info: figuras/q7_lgr.png  used on input line 810.
(pdftex.def)             Requested size: 226.70963pt x 144.56831pt.
<figuras/q7_comparacao.png, id=230, 498.663pt x 281.29707pt>
File: figuras/q7_comparacao.png Graphic file (type png)
<use figuras/q7_comparacao.png>
Package pdftex.def Info: figuras/q7_comparacao.png  used on input line 821.
(pdftex.def)             Requested size: 354.23695pt x 199.82533pt.


[13 <./figuras/q7_degrau.png> <./figuras/q7_ajuste.png> <./figuras/q7_polos.png
> <./figuras/q7_lgr.png>]

[14 <./figuras/q7_comparacao.png>]
<figuras/q8_degrau.png, id=256, 534.798pt x 317.988pt>
File: figuras/q8_degrau.png Graphic file (type png)
<use figuras/q8_degrau.png>
Package pdftex.def Info: figuras/q8_degrau.png  used on input line 896.
(pdftex.def)             Requested size: 226.70963pt x 134.80103pt.
<figuras/q8_polos.png, id=257, 787.743pt x 321.87946pt>
File: figuras/q8_polos.png Graphic file (type png)
<use figuras/q8_polos.png>
Package pdftex.def Info: figuras/q8_polos.png  used on input line 900.
(pdftex.def)             Requested size: 226.70963pt x 92.63539pt.
<figuras/q8_lgr.png, id=258, 498.10707pt x 317.988pt>
File: figuras/q8_lgr.png Graphic file (type png)
<use figuras/q8_lgr.png>
Package pdftex.def Info: figuras/q8_lgr.png  used on input line 916.
(pdftex.def)             Requested size: 226.70963pt x 144.73328pt.
<figuras/q8_comparacao.png, id=259, 498.663pt x 281.29707pt>
File: figuras/q8_comparacao.png Graphic file (type png)
<use figuras/q8_comparacao.png>
Package pdftex.def Info: figuras/q8_comparacao.png  used on input line 920.
(pdftex.def)             Requested size: 226.70963pt x 127.88734pt.


[15 <./figuras/q8_degrau.png> <./figuras/q8_polos.png> <./figuras/q8_lgr.png> <
./figuras/q8_comparacao.png>]
(./Trabalho_3_Projeto_Controladores_Igor_20103930.aux)
 ***********
LaTeX2e <2024-11-01> patch level 2
L3 programming layer <2025-01-18>
 ***********
Package rerunfilecheck Info: File `Trabalho_3_Projeto_Controladores_Igor_201039
30.out' has not changed.
(rerunfilecheck)             Checksum: D41D8CD98F00B204E9800998ECF8427E;0.
 ) 
Here is how much of TeX's memory you used:
 13779 strings out of 475158
 220531 string characters out of 5765758
 626804 words of memory out of 5000000
 36493 multiletter control sequences out of 15000+600000
 582295 words of font info for 94 fonts, out of 8000000 for 9000
 16 hyphenation exceptions out of 8191
 75i,9n,79p,342b,598s stack positions out of 10000i,1000n,20000p,200000b,200000s
 </home/igor/.texlive2025/texmf-var/fonts/pk/ljfour/jknappen/ec/ectt1095.600p
k> </home/igor/.texlive2025/texmf-var/fonts/pk/ljfour/jknappen/ec/tcrm1000.600p
k> </home/igor/.texlive2025/texmf-var/fonts/pk/ljfour/jknappen/ec/tcrm1095.600p
k> </home/igor/.texlive2025/texmf-var/fonts/pk/ljfour/jknappen/ec/ecbx1000.600p
k> </home/igor/.texlive2025/texmf-var/fonts/pk/ljfour/jknappen/ec/ecrm0900.600p
k> </home/igor/.texlive2025/texmf-var/fonts/pk/ljfour/jknappen/ec/ecbx0900.600p
k> </home/igor/.texlive2025/texmf-var/fonts/pk/ljfour/jknappen/ec/ecrm1000.600p
k> </home/igor/.texlive2025/texmf-var/fonts/pk/ljfour/jknappen/ec/ecbx1095.600p
k> </home/igor/.texlive2025/texmf-var/fonts/pk/ljfour/jknappen/ec/ecrm1095.600p
k> </home/igor/.texlive2025/texmf-var/fonts/pk/ljfour/jknappen/ec/ecbx1200.600p
k> </home/igor/.texlive2025/texmf-var/fonts/pk/ljfour/jknappen/ec/ecbx1440.600p
k> </home/igor/.texlive2025/texmf-var/fonts/pk/ljfour/jknappen/ec/ecti1200.600p
k> </home/igor/.texlive2025/texmf-var/fonts/pk/ljfour/jknappen/ec/ecrm1200.600p
k> </home/igor/.texlive2025/texmf-var/fonts/pk/ljfour/jknappen/ec/ecbx1728.600p
k></usr/share/texlive/texmf-dist/fonts/type1/public/amsfonts/cm/cmex10.pfb></us
r/share/texlive/texmf-dist/fonts/type1/public/amsfonts/cm/cmmi10.pfb></usr/shar
e/texlive/texmf-dist/fonts/type1/public/amsfonts/cm/cmmi12.pfb></usr/share/texl
ive/texmf-dist/fonts/type1/public/amsfonts/cm/cmmi6.pfb></usr/share/texlive/tex
mf-dist/fonts/type1/public/amsfonts/cm/cmmi7.pfb></usr/share/texlive/texmf-dist
/fonts/type1/public/amsfonts/cm/cmmi8.pfb></usr/share/texlive/texmf-dist/fonts/
type1/public/amsfonts/cm/cmmi9.pfb></usr/share/texlive/texmf-dist/fonts/type1/p
ublic/amsfonts/cm/cmr10.pfb></usr/share/texlive/texmf-dist/fonts/type1/public/a
msfonts/cm/cmr6.pfb></usr/share/texlive/texmf-dist/fonts/type1/public/amsfonts/
cm/cmr8.pfb></usr/share/texlive/texmf-dist/fonts/type1/public/amsfonts/cm/cmr9.
pfb></usr/share/texlive/texmf-dist/fonts/type1/public/amsfonts/cm/cmsy10.pfb></
usr/share/texlive/texmf-dist/fonts/type1/public/amsfonts/cm/cmsy7.pfb>
Output written on Trabalho_3_Projeto_Controladores_Igor_20103930.pdf (15 pages,
 1620899 bytes).
PDF statistics:
 763 PDF objects out of 1000 (max. 8388607)
 281 compressed objects within 3 object streams
 113 named destinations out of 1000 (max. 500000)
 171 words of extra memory for PDF output out of 10000 (max. 10000000)

